<html>
<body>
<pre>
<h1>µVision Build Log</h1>
<h2>Tool Versions:</h2>
IDE-Version: µVision V5.30.0.0
Copyright (C) 2020 ARM Ltd and ARM Germany GmbH. All rights reserved.
License Information: dg n, rmit, LIC=----
 
Tool Versions:
Toolchain:       MDK-Lite  Version: 5.30.0.0
Toolchain Path:  C:\Keil_v5\ARM\ARMCLANG\Bin
C Compiler:      ArmClang.exe V6.14
Assembler:       Armasm.exe V6.14
Linker/Locator:  ArmLink.exe V6.14
Library Manager: ArmAr.exe V6.14
Hex Converter:   FromElf.exe V6.14
CPU DLL:         SARMCM3.DLL V5.30.0.0
Dialog DLL:      DARMCM1.DLL V1.19.3.0
Target DLL:      NULink\Nu_Link.dll V3.02
Dialog DLL:      TARMCM1.DLL V1.14.2.0
 
<h2>Project:</h2>
\\Mac\Home\Desktop\Embedded Final Asm\Ex1\Src\Ex1.uvprojx
Project File Date:  09/06/2022

<h2>Output:</h2>
*** Using Compiler 'V6.14', folder: 'C:\Keil_v5\ARM\ARMCLANG\Bin'
Build target 'Target 1'
main.c(3): warning: In file included from...
C:/Keil_v5/Library/NUC100Series/Include\NUC100Series.h(150): warning: In file included from...
C:/Keil_v5/Library/CMSIS/Include\core_cm0.h(116): warning: In file included from...
C:/Keil_v5/Library/CMSIS/Include\core_cmInstr.h(406): warning: implicit conversion changes signedness: 'uint32_t' (aka 'unsigned int') to 'int32_t' (aka 'int') [-Wsign-conversion]
  return(result);
  ~~~~~~ ^~~~~~
main.c(3): warning: In file included from...
C:/Keil_v5/Library/NUC100Series/Include\NUC100Series.h(150): warning: In file included from...
C:/Keil_v5/Library/CMSIS/Include\core_cm0.h(574): warning: implicit conversion changes signedness: 'int' to 'unsigned int' [-Wsign-conversion]
    SCB->SHP[_SHP_IDX(IRQn)] = (SCB->SHP[_SHP_IDX(IRQn)] & ~(0xFF << _BIT_SHIFT(IRQn))) |
                                                         ~ ^~~~~~~~~~~~~~~~~~~~~~~~~~~
C:/Keil_v5/Library/CMSIS/Include\core_cm0.h(577): warning: implicit conversion changes signedness: 'int' to 'unsigned int' [-Wsign-conversion]
    NVIC->IP[_IP_IDX(IRQn)] = (NVIC->IP[_IP_IDX(IRQn)] & ~(0xFF << _BIT_SHIFT(IRQn))) |
                                                       ~ ^~~~~~~~~~~~~~~~~~~~~~~~~~~
C:/Keil_v5/Library/CMSIS/Include\core_cm0.h(608): warning: function 'NVIC_SystemReset' could be declared with attribute 'noreturn' [-Wmissing-noreturn]
{
^
main.c(3): warning: In file included from...
C:/Keil_v5/Library/NUC100Series/Include\NUC100Series.h(11321): warning: anonymous unions are a C11 extension [-Wc11-extensions]
    union
    ^
C:/Keil_v5/Library/NUC100Series/Include\NUC100Series.h(13605): warning: non-portable path to file '"sys.h"'; specified path differs in case from file name on disk [-Wnonportable-include-path]
#include "SYS.h"
         ^~~~~~~
         "sys.h"
C:/Keil_v5/Library/NUC100Series/Include\NUC100Series.h(13606): warning: non-portable path to file '"adc.h"'; specified path differs in case from file name on disk [-Wnonportable-include-path]
#include "ADC.h"
         ^~~~~~~
         "adc.h"
C:/Keil_v5/Library/NUC100Series/Include\NUC100Series.h(13607): warning: non-portable path to file '"fmc.h"'; specified path differs in case from file name on disk [-Wnonportable-include-path]
#include "FMC.h"
         ^~~~~~~
         "fmc.h"
main.c(3): warning: In file included from...
C:/Keil_v5/Library/NUC100Series/Include\NUC100Series.h(13607): warning: In file included from...
C:/Keil_v5/Library/StdDriver/Include\FMC.h(314): warning: implicit conversion changes signedness: 'int' to 'uint32_t' (aka 'unsigned int') [-Wsign-conversion]
    FMC->ISPADR = (u8index << 2);      /* Set UID Address. It must be word alignment. */
                ~  ~~~~~~~~^~~~
main.c(3): warning: In file included from...
C:/Keil_v5/Library/NUC100Series/Include\NUC100Series.h(13608): warning: non-portable path to file '"gpio.h"'; specified path differs in case from file name on disk [-Wnonportable-include-path]
#include "GPIO.h"
         ^~~~~~~~
         "gpio.h"
C:/Keil_v5/Library/NUC100Series/Include\NUC100Series.h(13609): warning: non-portable path to file '"i2c.h"'; specified path differs in case from file name on disk [-Wnonportable-include-path]
#include "I2C.h"
         ^~~~~~~
         "i2c.h"
C:/Keil_v5/Library/NUC100Series/Include\NUC100Series.h(13610): warning: non-portable path to file '"pwm.h"'; specified path differs in case from file name on disk [-Wnonportable-include-path]
#include "PWM.h"
         ^~~~~~~
         "pwm.h"
C:/Keil_v5/Library/NUC100Series/Include\NUC100Series.h(13611): warning: non-portable path to file '"spi.h"'; specified path differs in case from file name on disk [-Wnonportable-include-path]
#include "SPI.h"
         ^~~~~~~
         "spi.h"
C:/Keil_v5/Library/NUC100Series/Include\NUC100Series.h(13612): warning: non-portable path to file '"crc.h"'; specified path differs in case from file name on disk [-Wnonportable-include-path]
#include "CRC.h"
         ^~~~~~~
         "crc.h"
C:/Keil_v5/Library/NUC100Series/Include\NUC100Series.h(13613): warning: non-portable path to file '"timer.h"'; specified path differs in case from file name on disk [-Wnonportable-include-path]
#include "TIMER.h"
         ^~~~~~~~~
         "timer.h"
C:/Keil_v5/Library/NUC100Series/Include\NUC100Series.h(13614): warning: non-portable path to file '"wdt.h"'; specified path differs in case from file name on disk [-Wnonportable-include-path]
#include "WDT.h"
         ^~~~~~~
         "wdt.h"
C:/Keil_v5/Library/NUC100Series/Include\NUC100Series.h(13615): warning: non-portable path to file '"wwdt.h"'; specified path differs in case from file name on disk [-Wnonportable-include-path]
#include "WWDT.h"
         ^~~~~~~~
         "wwdt.h"
C:/Keil_v5/Library/NUC100Series/Include\NUC100Series.h(13616): warning: non-portable path to file '"rtc.h"'; specified path differs in case from file name on disk [-Wnonportable-include-path]
#include "RTC.h"
         ^~~~~~~
         "rtc.h"
C:/Keil_v5/Library/NUC100Series/Include\NUC100Series.h(13617): warning: non-portable path to file '"uart.h"'; specified path differs in case from file name on disk [-Wnonportable-include-path]
#include "UART.h"
         ^~~~~~~~
         "uart.h"
C:/Keil_v5/Library/NUC100Series/Include\NUC100Series.h(13618): warning: non-portable path to file '"i2s.h"'; specified path differs in case from file name on disk [-Wnonportable-include-path]
#include "I2S.h"
         ^~~~~~~
         "i2s.h"
C:/Keil_v5/Library/NUC100Series/Include\NUC100Series.h(13619): warning: non-portable path to file '"can.h"'; specified path differs in case from file name on disk [-Wnonportable-include-path]
#include "CAN.h"
         ^~~~~~~
         "can.h"
C:/Keil_v5/Library/NUC100Series/Include\NUC100Series.h(13620): warning: non-portable path to file '"usbd.h"'; specified path differs in case from file name on disk [-Wnonportable-include-path]
#include "USBD.h"
         ^~~~~~~~
         "usbd.h"
main.c(3): warning: In file included from...
C:/Keil_v5/Library/NUC100Series/Include\NUC100Series.h(13620): warning: In file included from...
C:/Keil_v5/Library/StdDriver/Include\USBD.h(638): warning: variable 'u32CfgAddr' may be uninitialized when used here [-Wconditional-uninitialized]
    return ((*((__IO uint32_t *)(u32CfgAddr))) & USBD_CFGP_SSTALL);
                                 ^~~~~~~~~~
C:/Keil_v5/Library/StdDriver/Include\USBD.h(622): note: initialize the variable 'u32CfgAddr' to silence this warning
    uint32_t u32CfgAddr;
                       ^
                        = 0
main.c(3): warning: In file included from...
C:/Keil_v5/Library/NUC100Series/Include\NUC100Series.h(13621): warning: non-portable path to file '"pdma.h"'; specified path differs in case from file name on disk [-Wnonportable-include-path]
#include "PDMA.h"
         ^~~~~~~~
         "pdma.h"
C:/Keil_v5/Library/NUC100Series/Include\NUC100Series.h(13622): warning: non-portable path to file '"sc.h"'; specified path differs in case from file name on disk [-Wnonportable-include-path]
#include "SC.h"
         ^~~~~~
         "sc.h"
C:/Keil_v5/Library/NUC100Series/Include\NUC100Series.h(13623): warning: non-portable path to file '"ps2.h"'; specified path differs in case from file name on disk [-Wnonportable-include-path]
#include "PS2.h"
         ^~~~~~~
         "ps2.h"
C:/Keil_v5/Library/NUC100Series/Include\NUC100Series.h(13624): warning: non-portable path to file '"clk.h"'; specified path differs in case from file name on disk [-Wnonportable-include-path]
#include "CLK.h"
         ^~~~~~~
         "clk.h"
C:/Keil_v5/Library/NUC100Series/Include\NUC100Series.h(13625): warning: non-portable path to file '"acmp.h"'; specified path differs in case from file name on disk [-Wnonportable-include-path]
#include "ACMP.h"
         ^~~~~~~~
         "acmp.h"
main.c(26): warning: no previous extern declaration for non-static variable 'adc7_val_s' [-Wmissing-variable-declarations]
char adc7_val_s[4] = "0000";
     ^
main.c(26): note: declare 'static' if the variable is not intended to be used outside of this translation unit
char adc7_val_s[4] = "0000";
^
main.c(102): warning: implicit conversion changes signedness: 'int' to 'unsigned int' [-Wsign-conversion]
        SPI3->SSR &= ~(1 << 0);
                  ~~ ^~~~~~~~~
main.c(112): warning: implicit conversion changes signedness: 'int' to 'unsigned int' [-Wsign-conversion]
        SPI3->SSR &= ~(1 << 0);
                  ~~ ^~~~~~~~~
main.c(128): warning: '&' within '|' [-Wbitwise-op-parentheses]
        LCD_command(0x10 | (ColumnAddr >> 4) & 0xF);
                         ~ ~~~~~~~~~~~~~~~~~~^~~~~
main.c(128): note: place parentheses around the '&' expression to silence this warning
        LCD_command(0x10 | (ColumnAddr >> 4) & 0xF);
                                             ^
                           (                      )
main.c(141): warning: implicit conversion changes signedness: 'int' to 'unsigned int' [-Wsign-conversion]
        CLK->PLLCON &= ~(1 << 19); // 0: PLL input is HXT
                    ~~ ^~~~~~~~~~
main.c(142): warning: implicit conversion changes signedness: 'int' to 'unsigned int' [-Wsign-conversion]
        CLK->PLLCON &= ~(1 << 16); // PLL in normal mode
                    ~~ ^~~~~~~~~~
main.c(143): warning: implicit conversion changes signedness: 'int' to 'unsigned int' [-Wsign-conversion]
        CLK->PLLCON &= (~(0x01FF << 0));
                    ~~  ^~~~~~~~~~~~~~
main.c(146): warning: implicit conversion changes signedness: 'int' to 'unsigned int' [-Wsign-conversion]
        CLK->PLLCON &= ~(1 << 18); // 0: enable PLLOUT
                    ~~ ^~~~~~~~~~
main.c(152): warning: implicit conversion changes signedness: 'int' to 'unsigned int' [-Wsign-conversion]
        CLK->CLKSEL0 &= (~(0x07 << 0));
                     ~~  ^~~~~~~~~~~~
main.c(155): warning: implicit conversion changes signedness: 'int' to 'unsigned int' [-Wsign-conversion]
        CLK->CLKDIV &= (~0x0F << 0);
                    ~~  ~~~~~~^~~~
main.c(163): warning: implicit conversion changes signedness: 'int' to 'unsigned int' [-Wsign-conversion]
        CLK->CLKSEL1 &= ~(0x03 << 2); // ADC clock source is 12 MHz
                     ~~ ^~~~~~~~~~~~
main.c(164): warning: implicit conversion changes signedness: 'int' to 'unsigned int' [-Wsign-conversion]
        CLK->CLKDIV &= ~(0x0FF << 16);
                    ~~ ^~~~~~~~~~~~~~
main.c(155): warning: shifting a negative signed value is undefined [-Wshift-negative-value]
        CLK->CLKDIV &= (~0x0F << 0);
                        ~~~~~ ^
main.c(181): warning: implicit conversion changes signedness: 'int' to 'unsigned int' [-Wsign-conversion]
        SPI3->CNTRL &= ~(1 << 23); // 0: disable variable clock feature
                    ~~ ^~~~~~~~~~
main.c(182): warning: implicit conversion changes signedness: 'int' to 'unsigned int' [-Wsign-conversion]
        SPI3->CNTRL &= ~(1 << 22); // 0: disable two bits transfer mode
                    ~~ ^~~~~~~~~~
main.c(183): warning: implicit conversion changes signedness: 'int' to 'unsigned int' [-Wsign-conversion]
        SPI3->CNTRL &= ~(1 << 18); // 0: select Master mode
                    ~~ ^~~~~~~~~~
main.c(184): warning: implicit conversion changes signedness: 'int' to 'unsigned int' [-Wsign-conversion]
        SPI3->CNTRL &= ~(1 << 17); // 0: disable SPI interrupt
                    ~~ ^~~~~~~~~~
main.c(186): warning: implicit conversion changes signedness: 'int' to 'unsigned int' [-Wsign-conversion]
        SPI3->CNTRL &= ~(1 << 10); // 0: MSB is sent first
                    ~~ ^~~~~~~~~~
main.c(187): warning: implicit conversion changes signedness: 'int' to 'unsigned int' [-Wsign-conversion]
        SPI3->CNTRL &= ~(3 << 8);  // 00: one transmit/receive word will be executed in one data transfer
                    ~~ ^~~~~~~~~
main.c(189): warning: implicit conversion changes signedness: 'int' to 'unsigned int' [-Wsign-conversion]
        SPI3->CNTRL &= ~(31 << 3); // Transmit/Receive bit length
                    ~~ ^~~~~~~~~~
main.c(205): warning: implicit conversion changes signedness: 'int' to 'unsigned int' [-Wsign-conversion]
        SPI2->CNTRL &= ~(1 << 23); // 0: disable variable clock feature
                    ~~ ^~~~~~~~~~
main.c(206): warning: implicit conversion changes signedness: 'int' to 'unsigned int' [-Wsign-conversion]
        SPI2->CNTRL &= ~(1 << 22); // 0: disable two bits transfer mode
                    ~~ ^~~~~~~~~~
main.c(207): warning: implicit conversion changes signedness: 'int' to 'unsigned int' [-Wsign-conversion]
        SPI2->CNTRL &= ~(1 << 18); // 0: select Master mode
                    ~~ ^~~~~~~~~~
main.c(208): warning: implicit conversion changes signedness: 'int' to 'unsigned int' [-Wsign-conversion]
        SPI2->CNTRL &= ~(1 << 17); // 0: disable SPI interrupt
                    ~~ ^~~~~~~~~~
main.c(212): warning: binary integer literals are a GNU extension [-Wgnu-binary-literal]
        SPI2->CNTRL &= ~(0b11 << 8); // 00: one transmit/receive word will be executed in one data transfer
                         ^
main.c(212): warning: implicit conversion changes signedness: 'int' to 'unsigned int' [-Wsign-conversion]
        SPI2->CNTRL &= ~(0b11 << 8); // 00: one transmit/receive word will be executed in one data transfer
                    ~~ ^~~~~~~~~~~~
main.c(213): warning: binary integer literals are a GNU extension [-Wgnu-binary-literal]
        SPI2->CNTRL &= ~(0b11111 << 3);
                         ^
main.c(213): warning: implicit conversion changes signedness: 'int' to 'unsigned int' [-Wsign-conversion]
        SPI2->CNTRL &= ~(0b11111 << 3);
                    ~~ ^~~~~~~~~~~~~~~
main.c(216): warning: implicit conversion changes signedness: 'int' to 'unsigned int' [-Wsign-conversion]
        SPI2->CNTRL &= ~(1 << 2); // 0: Transmit at positive edge of SPI CLK
                    ~~ ^~~~~~~~~
main.c(252): warning: binary integer literals are a GNU extension [-Wgnu-binary-literal]
        PA->PMD &= ~(0b11 << 14);
                     ^
main.c(252): warning: implicit conversion changes signedness: 'int' to 'unsigned int' [-Wsign-conversion]
        PA->PMD &= ~(0b11 << 14);
                ~~ ^~~~~~~~~~~~~
main.c(253): warning: binary integer literals are a GNU extension [-Wgnu-binary-literal]
        PA->PMD |= (0b01 << 14);        // PA.7 is input pin
                    ^
main.c(256): warning: implicit conversion changes signedness: 'int' to 'unsigned int' [-Wsign-conversion]
        SYS->ALT_MFP &= ~(1 << 11); // ALT_MFP[11] = 0 for ADC7
                     ~~ ^~~~~~~~~~
main.c(259): warning: binary integer literals are a GNU extension [-Wgnu-binary-literal]
        ADC->ADCR |= (0b11 << 2);        // continuous scan mode
                      ^
main.c(260): warning: implicit conversion changes signedness: 'int' to 'unsigned int' [-Wsign-conversion]
        ADC->ADCR &= ~(1 << 1);          // ADC interrupt is disabled
                  ~~ ^~~~~~~~~
main.c(262): warning: binary integer literals are a GNU extension [-Wgnu-binary-literal]
        ADC->ADCHER &= ~(0b11 << 8); // ADC7 input source is external pin
                         ^
main.c(262): warning: implicit conversion changes signedness: 'int' to 'unsigned int' [-Wsign-conversion]
        ADC->ADCHER &= ~(0b11 << 8); // ADC7 input source is external pin
                    ~~ ^~~~~~~~~~~~
main.c(25): warning: no previous extern declaration for non-static variable 'adc7_val' [-Wmissing-variable-declarations]
uint32_t adc7_val;
         ^
main.c(25): note: declare 'static' if the variable is not intended to be used outside of this translation unit
uint32_t adc7_val;
^
66 warnings generated.
compiling main.c...
linking...
Program Size: Code=2532 RO-data=704 RW-data=48 ZI-data=1128  
".\Objects\Tutorial2_TestKeil.axf" - 0 Error(s), 66 Warning(s).

<h2>Software Packages used:</h2>

Package Vendor: Nuvoton
                https://github.com/OpenNuvoton/cmsis-packs/raw/master/Nuvoton_DFP/Nuvoton.NuMicro_DFP.1.3.16.pack
                Nuvoton.NuMicro_DFP.1.3.16
                Nuvoton ARM Cortex-M NuMicro Family Device Support

<h2>Collection of Component include folders:</h2>
  .\RTE\_Target_1
  C:\Users\nhatbuiminh\AppData\Local\Arm\Packs\Nuvoton\NuMicro_DFP\1.3.16\Device\NUC100\Include

<h2>Collection of Component Files used:</h2>
Build Time Elapsed:  00:00:01
</pre>
</body>
</html>
