Component: ARM Compiler 6.14 Tool: armlink [5db06800]

==============================================================================

Section Cross References

    system_nuc100series.o(.text.SystemCoreClockUpdate) refers to aeabi_sdiv.o(.text) for __aeabi_uidiv
    system_nuc100series.o(.text.SystemCoreClockUpdate) refers to system_nuc100series.o(.data..L_MergedGlobals) for [Anonymous Symbol]
    system_nuc100series.o(.ARM.exidx.text.SystemCoreClockUpdate) refers to system_nuc100series.o(.text.SystemCoreClockUpdate) for [Anonymous Symbol]
    system_nuc100series.o(.ARM.exidx.text.SystemInit) refers to system_nuc100series.o(.text.SystemInit) for [Anonymous Symbol]
    startup_nuc100series.o(STACK) refers (Special) to heapauxi.o(.text) for __use_two_region_memory
    startup_nuc100series.o(HEAP) refers (Special) to heapauxi.o(.text) for __use_two_region_memory
    startup_nuc100series.o(RESET) refers (Special) to heapauxi.o(.text) for __use_two_region_memory
    startup_nuc100series.o(RESET) refers to startup_nuc100series.o(STACK) for __initial_sp
    startup_nuc100series.o(RESET) refers to startup_nuc100series.o(.text) for Reset_Handler
    startup_nuc100series.o(RESET) refers to main.o(.text.EINT1_IRQHandler) for EINT1_IRQHandler
    startup_nuc100series.o(RESET) refers to main.o(.text.TMR0_IRQHandler) for TMR0_IRQHandler
    startup_nuc100series.o(.text) refers (Special) to heapauxi.o(.text) for __use_two_region_memory
    startup_nuc100series.o(.text) refers to system_nuc100series.o(.text.SystemInit) for SystemInit
    startup_nuc100series.o(.text) refers to __main.o(!!!main) for __main
    startup_nuc100series.o(.text) refers to startup_nuc100series.o(HEAP) for Heap_Mem
    startup_nuc100series.o(.text) refers to startup_nuc100series.o(STACK) for Stack_Mem
    main.o(.text.main) refers to sysconf.o(.text.System_Config) for System_Config
    main.o(.text.main) refers to uartconf.o(.text.UART0_Config) for UART0_Config
    main.o(.text.main) refers to gpio.o(.text.GPIO_SetMode) for GPIO_SetMode
    main.o(.text.main) refers to lcdconf.o(.text.SPI3_Config) for SPI3_Config
    main.o(.text.main) refers to lcdconf.o(.text.LCD_start) for LCD_start
    main.o(.text.main) refers to lcdconf.o(.text.LCD_clear) for LCD_clear
    main.o(.text.main) refers to main.o(.text.display_board_to_lcd) for display_board_to_lcd
    main.o(.text.main) refers to keypad.o(.text.handleKeymatrix) for handleKeymatrix
    main.o(.text.main) refers to lcd.o(.text.printS) for printS
    main.o(.text.main) refers to main.o(.text.shoot) for shoot
    main.o(.text.main) refers to main.o(.text.check_game_condition) for check_game_condition
    main.o(.text.main) refers to main.o(.text.resultBuzzer) for resultBuzzer
    main.o(.text.main) refers to main.o(.text.reset_player_board) for reset_player_board
    main.o(.text.main) refers to main.o(.data..L_MergedGlobals) for [Anonymous Symbol]
    main.o(.text.main) refers to keypad.o(.bss.xy_mani) for xy_mani
    main.o(.text.main) refers to main.o(.bss..L_MergedGlobals.3) for [Anonymous Symbol]
    main.o(.ARM.exidx.text.main) refers to main.o(.text.main) for [Anonymous Symbol]
    main.o(.text.reset_player_board) refers to main.o(.bss.player_board) for player_board
    main.o(.ARM.exidx.text.reset_player_board) refers to main.o(.text.reset_player_board) for [Anonymous Symbol]
    main.o(.text.display_board_to_lcd) refers to lcd.o(.text.printC_5x7) for printC_5x7
    main.o(.text.display_board_to_lcd) refers to main.o(.bss.player_board) for player_board
    main.o(.ARM.exidx.text.display_board_to_lcd) refers to main.o(.text.display_board_to_lcd) for [Anonymous Symbol]
    main.o(.text.check_game_condition) refers to lcdconf.o(.text.LCD_clear) for LCD_clear
    main.o(.text.check_game_condition) refers to main.o(.bss..L_MergedGlobals.3) for [Anonymous Symbol]
    main.o(.text.check_game_condition) refers to main.o(.data.game_board) for game_board
    main.o(.text.check_game_condition) refers to main.o(.bss.player_board) for player_board
    main.o(.text.check_game_condition) refers to main.o(.data..L_MergedGlobals) for [Anonymous Symbol]
    main.o(.ARM.exidx.text.check_game_condition) refers to main.o(.text.check_game_condition) for [Anonymous Symbol]
    main.o(.text.shoot) refers to 7seg.o(.text.setShots) for setShots
    main.o(.text.shoot) refers to main.o(.text.CLK_SysTickDelay) for CLK_SysTickDelay
    main.o(.text.shoot) refers to 7seg.o(.text.set7seg) for set7seg
    main.o(.text.shoot) refers to main.o(.bss..L_MergedGlobals.3) for [Anonymous Symbol]
    main.o(.text.shoot) refers to keypad.o(.data..L_MergedGlobals) for current_y
    main.o(.text.shoot) refers to main.o(.data.game_board) for game_board
    main.o(.text.shoot) refers to main.o(.bss.player_board) for player_board
    main.o(.ARM.exidx.text.shoot) refers to main.o(.text.shoot) for [Anonymous Symbol]
[...]
    lcd.o(.ARM.exidx.text.draw_Bmp8x8) refers to lcd.o(.text.draw_Bmp8x8) for [Anonymous Symbol]
    lcd.o(.text.draw_Pixel) refers to lcd.o(.text.lcdSetAddr) for lcdSetAddr
    lcd.o(.text.draw_Pixel) refers to lcd.o(.text.lcdWriteData) for lcdWriteData
    lcd.o(.text.draw_Pixel) refers to lcd.o(.bss.DisplayBuffer) for DisplayBuffer
    lcd.o(.ARM.exidx.text.draw_Pixel) refers to lcd.o(.text.draw_Pixel) for [Anonymous Symbol]
    lcd.o(.text.draw_Bmp32x8) refers to lcd.o(.text.draw_Pixel) for draw_Pixel
    lcd.o(.ARM.exidx.text.draw_Bmp32x8) refers to lcd.o(.text.draw_Bmp32x8) for [Anonymous Symbol]
    lcd.o(.text.draw_Bmp120x8) refers to lcd.o(.text.draw_Pixel) for draw_Pixel
    lcd.o(.ARM.exidx.text.draw_Bmp120x8) refers to lcd.o(.text.draw_Bmp120x8) for [Anonymous Symbol]
    lcd.o(.text.draw_Bmp8x16) refers to lcd.o(.text.draw_Pixel) for draw_Pixel
    lcd.o(.ARM.exidx.text.draw_Bmp8x16) refers to lcd.o(.text.draw_Bmp8x16) for [Anonymous Symbol]
    lcd.o(.text.draw_Bmp16x8) refers to lcd.o(.text.draw_Pixel) for draw_Pixel
    lcd.o(.ARM.exidx.text.draw_Bmp16x8) refers to lcd.o(.text.draw_Bmp16x8) for [Anonymous Symbol]
    lcd.o(.text.draw_Bmp16x16) refers to lcd.o(.text.draw_Pixel) for draw_Pixel
    lcd.o(.ARM.exidx.text.draw_Bmp16x16) refers to lcd.o(.text.draw_Bmp16x16) for [Anonymous Symbol]
    lcd.o(.text.draw_Bmp16x24) refers to lcd.o(.text.draw_Pixel) for draw_Pixel
    lcd.o(.ARM.exidx.text.draw_Bmp16x24) refers to lcd.o(.text.draw_Bmp16x24) for [Anonymous Symbol]
    lcd.o(.text.draw_Bmp16x32) refers to lcd.o(.text.draw_Pixel) for draw_Pixel
    lcd.o(.ARM.exidx.text.draw_Bmp16x32) refers to lcd.o(.text.draw_Bmp16x32) for [Anonymous Symbol]
    lcd.o(.text.draw_Bmp16x40) refers to lcd.o(.text.draw_Pixel) for draw_Pixel
    lcd.o(.ARM.exidx.text.draw_Bmp16x40) refers to lcd.o(.text.draw_Bmp16x40) for [Anonymous Symbol]
    lcd.o(.text.draw_Bmp16x48) refers to lcd.o(.text.draw_Pixel) for draw_Pixel
    lcd.o(.ARM.exidx.text.draw_Bmp16x48) refers to lcd.o(.text.draw_Bmp16x48) for [Anonymous Symbol]
    lcd.o(.text.draw_Bmp16x64) refers to lcd.o(.text.draw_Pixel) for draw_Pixel
    lcd.o(.ARM.exidx.text.draw_Bmp16x64) refers to lcd.o(.text.draw_Bmp16x64) for [Anonymous Symbol]
    lcd.o(.text.draw_Bmp32x16) refers to lcd.o(.text.draw_Pixel) for draw_Pixel
    lcd.o(.ARM.exidx.text.draw_Bmp32x16) refers to lcd.o(.text.draw_Bmp32x16) for [Anonymous Symbol]
    lcd.o(.text.draw_Bmp32x32) refers to lcd.o(.text.draw_Pixel) for draw_Pixel
    lcd.o(.ARM.exidx.text.draw_Bmp32x32) refers to lcd.o(.text.draw_Bmp32x32) for [Anonymous Symbol]
    lcd.o(.text.draw_Bmp32x48) refers to lcd.o(.text.draw_Pixel) for draw_Pixel
    lcd.o(.ARM.exidx.text.draw_Bmp32x48) refers to lcd.o(.text.draw_Bmp32x48) for [Anonymous Symbol]
    lcd.o(.text.draw_Bmp32x64) refers to lcd.o(.text.draw_Pixel) for draw_Pixel
    lcd.o(.ARM.exidx.text.draw_Bmp32x64) refers to lcd.o(.text.draw_Bmp32x64) for [Anonymous Symbol]
    lcd.o(.text.draw_Bmp64x64) refers to lcd.o(.text.draw_Pixel) for draw_Pixel
    lcd.o(.ARM.exidx.text.draw_Bmp64x64) refers to lcd.o(.text.draw_Bmp64x64) for [Anonymous Symbol]
    lcd.o(.text.draw_LCD) refers to lcd.o(.text.lcdSetAddr) for lcdSetAddr
    lcd.o(.text.draw_LCD) refers to lcd.o(.text.lcdWriteData) for lcdWriteData
    lcd.o(.ARM.exidx.text.draw_LCD) refers to lcd.o(.text.draw_LCD) for [Anonymous Symbol]
    spi.o(.text.SPI_Open) refers to clk.o(.text.CLK_GetHCLKFreq) for CLK_GetHCLKFreq
    spi.o(.text.SPI_Open) refers to spi.o(.text.CLK_GetPLLClockFreq) for CLK_GetPLLClockFreq
    spi.o(.text.SPI_Open) refers to aeabi_sdiv.o(.text) for __aeabi_uidiv
    spi.o(.ARM.exidx.text.SPI_Open) refers to spi.o(.text.SPI_Open) for [Anonymous Symbol]
    spi.o(.text.CLK_GetPLLClockFreq) refers to aeabi_sdiv.o(.text) for __aeabi_uidiv
    spi.o(.ARM.exidx.text.CLK_GetPLLClockFreq) refers to spi.o(.text.CLK_GetPLLClockFreq) for [Anonymous Symbol]
    spi.o(.ARM.exidx.text.SPI_Close) refers to spi.o(.text.SPI_Close) for [Anonymous Symbol]
    spi.o(.ARM.exidx.text.SPI_ClearRxFIFO) refers to spi.o(.text.SPI_ClearRxFIFO) for [Anonymous Symbol]
    spi.o(.ARM.exidx.text.SPI_ClearTxFIFO) refers to spi.o(.text.SPI_ClearTxFIFO) for [Anonymous Symbol]
    spi.o(.ARM.exidx.text.SPI_DisableAutoSS) refers to spi.o(.text.SPI_DisableAutoSS) for [Anonymous Symbol]
    spi.o(.ARM.exidx.text.SPI_EnableAutoSS) refers to spi.o(.text.SPI_EnableAutoSS) for [Anonymous Symbol]
    spi.o(.text.SPI_SetBusClock) refers to clk.o(.text.CLK_GetHCLKFreq) for CLK_GetHCLKFreq
    spi.o(.text.SPI_SetBusClock) refers to spi.o(.text.CLK_GetPLLClockFreq) for CLK_GetPLLClockFreq
    spi.o(.text.SPI_SetBusClock) refers to aeabi_sdiv.o(.text) for __aeabi_uidiv
    spi.o(.ARM.exidx.text.SPI_SetBusClock) refers to spi.o(.text.SPI_SetBusClock) for [Anonymous Symbol]
    spi.o(.ARM.exidx.text.SPI_EnableFIFO) refers to spi.o(.text.SPI_EnableFIFO) for [Anonymous Symbol]
    spi.o(.ARM.exidx.text.SPI_DisableFIFO) refers to spi.o(.text.SPI_DisableFIFO) for [Anonymous Symbol]
    spi.o(.text.SPI_GetBusClock) refers to spi.o(.text.CLK_GetPLLClockFreq) for CLK_GetPLLClockFreq
    spi.o(.text.SPI_GetBusClock) refers to clk.o(.text.CLK_GetHCLKFreq) for CLK_GetHCLKFreq
    spi.o(.text.SPI_GetBusClock) refers to aeabi_sdiv.o(.text) for __aeabi_uidiv
    spi.o(.ARM.exidx.text.SPI_GetBusClock) refers to spi.o(.text.SPI_GetBusClock) for [Anonymous Symbol]
    spi.o(.ARM.exidx.text.SPI_EnableInt) refers to spi.o(.text.SPI_EnableInt) for [Anonymous Symbol]
    spi.o(.ARM.exidx.text.SPI_DisableInt) refers to spi.o(.text.SPI_DisableInt) for [Anonymous Symbol]
    spi.o(.ARM.exidx.text.SPI_GetIntFlag) refers to spi.o(.text.SPI_GetIntFlag) for [Anonymous Symbol]
    spi.o(.ARM.exidx.text.SPI_ClearIntFlag) refers to spi.o(.text.SPI_ClearIntFlag) for [Anonymous Symbol]
    spi.o(.ARM.exidx.text.SPI_GetStatus) refers to spi.o(.text.SPI_GetStatus) for [Anonymous Symbol]
    7seg.o(.text.set7seg) refers to 7seg.o(.data..L_MergedGlobals) for [Anonymous Symbol]
    7seg.o(.ARM.exidx.text.set7seg) refers to 7seg.o(.text.set7seg) for [Anonymous Symbol]
    7seg.o(.text.display7seg) refers to 7seg.o(.data..L_MergedGlobals) for [Anonymous Symbol]
    7seg.o(.ARM.exidx.text.display7seg) refers to 7seg.o(.text.display7seg) for [Anonymous Symbol]
    7seg.o(.text.setShots) refers to aeabi_sdiv.o(.text) for __aeabi_idiv
    7seg.o(.text.setShots) refers to 7seg.o(.data..L_MergedGlobals) for [Anonymous Symbol]
    7seg.o(.ARM.exidx.text.setShots) refers to 7seg.o(.text.setShots) for [Anonymous Symbol]
    sysconf.o(.text.System_Config) refers to uartconf.o(.text.UART0_CLKConfig) for UART0_CLKConfig
    sysconf.o(.ARM.exidx.text.System_Config) refers to sysconf.o(.text.System_Config) for [Anonymous Symbol]
    uartconf.o(.ARM.exidx.text.UART0_CLKConfig) refers to uartconf.o(.text.UART0_CLKConfig) for [Anonymous Symbol]
    uartconf.o(.ARM.exidx.text.UART0_Config) refers to uartconf.o(.text.UART0_Config) for [Anonymous Symbol]
    uartconf.o(.ARM.exidx.text.UART0_SendChar) refers to uartconf.o(.text.UART0_SendChar) for [Anonymous Symbol]
    lcdconf.o(.text.LCD_start) refers to lcdconf.o(.text.LCD_command) for LCD_command
    lcdconf.o(.ARM.exidx.text.LCD_start) refers to lcdconf.o(.text.LCD_start) for [Anonymous Symbol]
    lcdconf.o(.ARM.exidx.text.LCD_command) refers to lcdconf.o(.text.LCD_command) for [Anonymous Symbol]
    lcdconf.o(.ARM.exidx.text.LCD_data) refers to lcdconf.o(.text.LCD_data) for [Anonymous Symbol]
    lcdconf.o(.text.LCD_clear) refers to lcdconf.o(.text.LCD_SetAddress) for LCD_SetAddress
    lcdconf.o(.text.LCD_clear) refers to lcdconf.o(.text.LCD_data) for LCD_data
    lcdconf.o(.ARM.exidx.text.LCD_clear) refers to lcdconf.o(.text.LCD_clear) for [Anonymous Symbol]
    lcdconf.o(.text.LCD_SetAddress) refers to lcdconf.o(.text.LCD_command) for LCD_command
    lcdconf.o(.ARM.exidx.text.LCD_SetAddress) refers to lcdconf.o(.text.LCD_SetAddress) for [Anonymous Symbol]
    lcdconf.o(.text.SPI3_Config) refers to gpio.o(.text.GPIO_SetMode) for GPIO_SetMode
    lcdconf.o(.ARM.exidx.text.SPI3_Config) refers to lcdconf.o(.text.SPI3_Config) for [Anonymous Symbol]
    keypad.o(.text.search_col1) refers to keypad.o(.text.CLK_SysTickDelay) for CLK_SysTickDelay
    keypad.o(.ARM.exidx.text.search_col1) refers to keypad.o(.text.search_col1) for [Anonymous Symbol]
    keypad.o(.text.CLK_SysTickDelay) refers to system_nuc100series.o(.data..L_MergedGlobals) for CyclesPerUs
    keypad.o(.ARM.exidx.text.CLK_SysTickDelay) refers to keypad.o(.text.CLK_SysTickDelay) for [Anonymous Symbol]
    keypad.o(.text.search_col2) refers to keypad.o(.text.CLK_SysTickDelay) for CLK_SysTickDelay
    keypad.o(.ARM.exidx.text.search_col2) refers to keypad.o(.text.search_col2) for [Anonymous Symbol]
    keypad.o(.text.search_col3) refers to keypad.o(.text.CLK_SysTickDelay) for CLK_SysTickDelay
    keypad.o(.ARM.exidx.text.search_col3) refers to keypad.o(.text.search_col3) for [Anonymous Symbol]
    keypad.o(.text.handleKeymatrix) refers to keypad.o(.text.search_col1) for search_col1
    keypad.o(.text.handleKeymatrix) refers to keypad.o(.text.search_col2) for search_col2
    keypad.o(.text.handleKeymatrix) refers to keypad.o(.text.search_col3) for search_col3
    keypad.o(.text.handleKeymatrix) refers to keypad.o(.bss.xy_mani) for xy_mani
    keypad.o(.text.handleKeymatrix) refers to keypad.o(.data..L_MergedGlobals) for [Anonymous Symbol]
    keypad.o(.text.handleKeymatrix) refers to 7seg.o(.data..L_MergedGlobals) for timer
    keypad.o(.ARM.exidx.text.handleKeymatrix) refers to keypad.o(.text.handleKeymatrix) for [Anonymous Symbol]
    __main.o(!!!main) refers to __rtentry.o(.ARM.Collect$$rtentry$$00000000) for __rt_entry
    __rtentry.o(.ARM.Collect$$rtentry$$00000000) refers (Special) to __rtentry2.o(.ARM.Collect$$rtentry$$0000000A) for __rt_entry_li
    __rtentry.o(.ARM.Collect$$rtentry$$00000000) refers (Special) to __rtentry2.o(.ARM.Collect$$rtentry$$0000000D) for __rt_entry_main
    __rtentry.o(.ARM.Collect$$rtentry$$00000000) refers (Special) to __rtentry2.o(.ARM.Collect$$rtentry$$0000000C) for __rt_entry_postli_1
    __rtentry.o(.ARM.Collect$$rtentry$$00000000) refers (Special) to __rtentry2.o(.ARM.Collect$$rtentry$$00000009) for __rt_entry_postsh_1
    __rtentry.o(.ARM.Collect$$rtentry$$00000000) refers (Special) to __rtentry2.o(.ARM.Collect$$rtentry$$00000002) for __rt_entry_presh_1
    __rtentry.o(.ARM.Collect$$rtentry$$00000000) refers (Special) to __rtentry4.o(.ARM.Collect$$rtentry$$00000004) for __rt_entry_sh
    aeabi_idiv0_sigfpe.o(.text) refers to rt_div0.o(.text) for __rt_div0
    __rtentry2.o(.ARM.Collect$$rtentry$$00000008) refers to boardinit2.o(.text) for _platform_post_stackheap_init
    __rtentry2.o(.ARM.Collect$$rtentry$$0000000A) refers to libinit.o(.ARM.Collect$$libinit$$00000000) for __rt_lib_init
    __rtentry2.o(.ARM.Collect$$rtentry$$0000000B) refers to boardinit3.o(.text) for _platform_post_lib_init
    __rtentry2.o(.ARM.Collect$$rtentry$$0000000D) refers to main.o(.text.main) for main
    __rtentry2.o(.ARM.Collect$$rtentry$$0000000D) refers to exit.o(.text) for exit
    __rtentry2.o(.ARM.exidx) refers to __rtentry2.o(.ARM.Collect$$rtentry$$00000001) for .ARM.Collect$$rtentry$$00000001
    __rtentry2.o(.ARM.exidx) refers to __rtentry2.o(.ARM.Collect$$rtentry$$00000008) for .ARM.Collect$$rtentry$$00000008
    __rtentry2.o(.ARM.exidx) refers to __rtentry2.o(.ARM.Collect$$rtentry$$0000000A) for .ARM.Collect$$rtentry$$0000000A
    __rtentry2.o(.ARM.exidx) refers to __rtentry2.o(.ARM.Collect$$rtentry$$0000000B) for .ARM.Collect$$rtentry$$0000000B
    __rtentry2.o(.ARM.exidx) refers to __rtentry2.o(.ARM.Collect$$rtentry$$0000000D) for .ARM.Collect$$rtentry$$0000000D
    __rtentry4.o(.ARM.Collect$$rtentry$$00000004) refers to sys_stackheap_outer.o(.text) for __user_setup_stackheap
    __rtentry4.o(.ARM.exidx) refers to __rtentry4.o(.ARM.Collect$$rtentry$$00000004) for .ARM.Collect$$rtentry$$00000004
    rt_div0.o(.text) refers to defsig_fpe_outer.o(.text) for __rt_SIGFPE
    sys_stackheap_outer.o(.text) refers to libspace.o(.text) for __user_perproc_libspace
    sys_stackheap_outer.o(.text) refers to startup_nuc100series.o(.text) for __user_initial_stackheap
    sys_stackheap_outer.o(__vectab_stack_and_reset_area) refers to tempstk.o(.text) for __temporary_stack_top
    sys_stackheap_outer.o(__vectab_stack_and_reset_area) refers to __main.o(!!!main) for __main
    exit.o(.text) refers to rtexit.o(.ARM.Collect$$rtexit$$00000000) for __rt_exit
    defsig_fpe_outer.o(.text) refers to defsig_fpe_inner.o(.text) for __rt_SIGFPE_inner
    defsig_fpe_outer.o(.text) refers to defsig_exit.o(.text) for __sig_exit
    defsig_fpe_formal.o(.text) refers to rt_raise.o(.text) for __rt_raise
    libinit.o(.ARM.Collect$$libinit$$00000000) refers (Special) to libinit2.o(.ARM.Collect$$libinit$$0000002E) for __rt_lib_init_alloca_1
    libinit.o(.ARM.Collect$$libinit$$00000000) refers (Special) to libinit2.o(.ARM.Collect$$libinit$$0000002C) for __rt_lib_init_argv_1
    libinit.o(.ARM.Collect$$libinit$$00000000) refers (Special) to libinit2.o(.ARM.Collect$$libinit$$0000001B) for __rt_lib_init_atexit_1
    libinit.o(.ARM.Collect$$libinit$$00000000) refers (Special) to libinit2.o(.ARM.Collect$$libinit$$00000021) for __rt_lib_init_clock_1
    libinit.o(.ARM.Collect$$libinit$$00000000) refers (Special) to libinit2.o(.ARM.Collect$$libinit$$00000032) for __rt_lib_init_cpp_1
    libinit.o(.ARM.Collect$$libinit$$00000000) refers (Special) to libinit2.o(.ARM.Collect$$libinit$$00000030) for __rt_lib_init_exceptions_1
    libinit.o(.ARM.Collect$$libinit$$00000000) refers (Special) to libinit2.o(.ARM.Collect$$libinit$$00000002) for __rt_lib_init_fp_1
    libinit.o(.ARM.Collect$$libinit$$00000000) refers (Special) to libinit2.o(.ARM.Collect$$libinit$$0000001F) for __rt_lib_init_fp_trap_1
    libinit.o(.ARM.Collect$$libinit$$00000000) refers (Special) to libinit2.o(.ARM.Collect$$libinit$$00000023) for __rt_lib_init_getenv_1
    libinit.o(.ARM.Collect$$libinit$$00000000) refers (Special) to libinit2.o(.ARM.Collect$$libinit$$0000000A) for __rt_lib_init_heap_1
    libinit.o(.ARM.Collect$$libinit$$00000000) refers (Special) to libinit2.o(.ARM.Collect$$libinit$$00000011) for __rt_lib_init_lc_collate_1
    libinit.o(.ARM.Collect$$libinit$$00000000) refers (Special) to libinit2.o(.ARM.Collect$$libinit$$00000013) for __rt_lib_init_lc_ctype_1
    libinit.o(.ARM.Collect$$libinit$$00000000) refers (Special) to libinit2.o(.ARM.Collect$$libinit$$00000015) for __rt_lib_init_lc_monetary_1
    libinit.o(.ARM.Collect$$libinit$$00000000) refers (Special) to libinit2.o(.ARM.Collect$$libinit$$00000017) for __rt_lib_init_lc_numeric_1
    libinit.o(.ARM.Collect$$libinit$$00000000) refers (Special) to libinit2.o(.ARM.Collect$$libinit$$00000019) for __rt_lib_init_lc_time_1
    libinit.o(.ARM.Collect$$libinit$$00000000) refers (Special) to libinit2.o(.ARM.Collect$$libinit$$00000004) for __rt_lib_init_preinit_1
    libinit.o(.ARM.Collect$$libinit$$00000000) refers (Special) to libinit2.o(.ARM.Collect$$libinit$$0000000E) for __rt_lib_init_rand_1
    libinit.o(.ARM.Collect$$libinit$$00000000) refers (Special) to libinit2.o(.ARM.Collect$$libinit$$00000033) for __rt_lib_init_return
    libinit.o(.ARM.Collect$$libinit$$00000000) refers (Special) to libinit2.o(.ARM.Collect$$libinit$$0000001D) for __rt_lib_init_signal_1
    libinit.o(.ARM.Collect$$libinit$$00000000) refers (Special) to libinit2.o(.ARM.Collect$$libinit$$00000025) for __rt_lib_init_stdio_1
    libinit.o(.ARM.Collect$$libinit$$00000000) refers (Special) to libinit2.o(.ARM.Collect$$libinit$$0000000C) for __rt_lib_init_user_alloc_1
    libspace.o(.text) refers to libspace.o(.bss) for __libspace_start
    rtexit.o(.ARM.Collect$$rtexit$$00000000) refers (Special) to rtexit2.o(.ARM.Collect$$rtexit$$00000004) for __rt_exit_exit
    rtexit.o(.ARM.Collect$$rtexit$$00000000) refers (Special) to rtexit2.o(.ARM.Collect$$rtexit$$00000003) for __rt_exit_ls
    rtexit.o(.ARM.Collect$$rtexit$$00000000) refers (Special) to rtexit2.o(.ARM.Collect$$rtexit$$00000002) for __rt_exit_prels_1
    rtexit.o(.ARM.exidx) refers (Special) to rtexit2.o(.ARM.Collect$$rtexit$$00000004) for __rt_exit_exit
    rtexit.o(.ARM.exidx) refers (Special) to rtexit2.o(.ARM.Collect$$rtexit$$00000003) for __rt_exit_ls
    rtexit.o(.ARM.exidx) refers (Special) to rtexit2.o(.ARM.Collect$$rtexit$$00000002) for __rt_exit_prels_1
    rtexit.o(.ARM.exidx) refers to rtexit.o(.ARM.Collect$$rtexit$$00000000) for .ARM.Collect$$rtexit$$00000000
    rt_raise.o(.text) refers to __raise.o(.text) for __raise
    rt_raise.o(.text) refers to sys_exit.o(.text) for _sys_exit
    defsig_exit.o(.text) refers to sys_exit.o(.text) for _sys_exit
    defsig_fpe_inner.o(.text) refers to defsig_general.o(.text) for __default_signal_display
    libinit2.o(.ARM.Collect$$libinit$$00000010) refers to libinit2.o(.ARM.Collect$$libinit$$0000000F) for .ARM.Collect$$libinit$$0000000F
    libinit2.o(.ARM.Collect$$libinit$$00000012) refers to libinit2.o(.ARM.Collect$$libinit$$0000000F) for .ARM.Collect$$libinit$$0000000F
    libinit2.o(.ARM.Collect$$libinit$$00000014) refers to libinit2.o(.ARM.Collect$$libinit$$0000000F) for .ARM.Collect$$libinit$$0000000F
    libinit2.o(.ARM.Collect$$libinit$$00000016) refers to libinit2.o(.ARM.Collect$$libinit$$0000000F) for .ARM.Collect$$libinit$$0000000F
    libinit2.o(.ARM.Collect$$libinit$$00000018) refers to libinit2.o(.ARM.Collect$$libinit$$0000000F) for .ARM.Collect$$libinit$$0000000F
    libinit2.o(.ARM.Collect$$libinit$$00000026) refers to argv_veneer.o(.text) for __ARM_argv_veneer
    libinit2.o(.ARM.Collect$$libinit$$00000027) refers to argv_veneer.o(.text) for __ARM_argv_veneer
    sys_exit.o(.text) refers (Special) to use_no_semi.o(.text) for __I$use$semihosting
    sys_exit.o(.text) refers (Special) to indicate_semi.o(.text) for __semihosting_library_function
    sys_exit_hlt.o(.text) refers (Special) to use_no_semi.o(.text) for __I$use$semihosting
    sys_exit_hlt.o(.text) refers (Special) to indicate_semi.o(.text) for __semihosting_library_function
    rtexit2.o(.ARM.Collect$$rtexit$$00000003) refers to libshutdown.o(.ARM.Collect$$libshutdown$$00000000) for __rt_lib_shutdown
    rtexit2.o(.ARM.Collect$$rtexit$$00000004) refers to sys_exit.o(.text) for _sys_exit
    rtexit2.o(.ARM.exidx) refers to rtexit2.o(.ARM.Collect$$rtexit$$00000001) for .ARM.Collect$$rtexit$$00000001
    rtexit2.o(.ARM.exidx) refers to rtexit2.o(.ARM.Collect$$rtexit$$00000003) for .ARM.Collect$$rtexit$$00000003
    rtexit2.o(.ARM.exidx) refers to rtexit2.o(.ARM.Collect$$rtexit$$00000004) for .ARM.Collect$$rtexit$$00000004
    __raise.o(.text) refers to defsig.o(CL$$defsig) for __default_signal_handler
    defsig_general.o(.text) refers to sys_wrch.o(.text) for _ttywrch
    sys_wrch.o(.text) refers (Special) to use_no_semi.o(.text) for __I$use$semihosting
    sys_wrch.o(.text) refers (Special) to indicate_semi.o(.text) for __semihosting_library_function
    sys_wrch_hlt.o(.text) refers (Special) to use_no_semi.o(.text) for __I$use$semihosting
    sys_wrch_hlt.o(.text) refers (Special) to indicate_semi.o(.text) for __semihosting_library_function
    defsig.o(CL$$defsig) refers to defsig_fpe_inner.o(.text) for __rt_SIGFPE_inner
    defsig.o(CL$$defsig) refers to defsig_rtmem_inner.o(.text) for __rt_SIGRTMEM_inner
    _get_argv_nomalloc.o(.text) refers (Special) to hrguard.o(.text) for __heap_region$guard
    _get_argv_nomalloc.o(.text) refers to defsig_rtmem_outer.o(.text) for __rt_SIGRTMEM
    _get_argv_nomalloc.o(.text) refers to sys_command.o(.text) for _sys_command_string
    libshutdown.o(.ARM.Collect$$libshutdown$$00000000) refers (Special) to libshutdown2.o(.ARM.Collect$$libshutdown$$00000002) for __rt_lib_shutdown_cpp_1
    libshutdown.o(.ARM.Collect$$libshutdown$$00000000) refers (Special) to libshutdown2.o(.ARM.Collect$$libshutdown$$00000007) for __rt_lib_shutdown_fp_trap_1
    libshutdown.o(.ARM.Collect$$libshutdown$$00000000) refers (Special) to libshutdown2.o(.ARM.Collect$$libshutdown$$0000000F) for __rt_lib_shutdown_heap_1
    libshutdown.o(.ARM.Collect$$libshutdown$$00000000) refers (Special) to libshutdown2.o(.ARM.Collect$$libshutdown$$00000010) for __rt_lib_shutdown_return
    libshutdown.o(.ARM.Collect$$libshutdown$$00000000) refers (Special) to libshutdown2.o(.ARM.Collect$$libshutdown$$0000000A) for __rt_lib_shutdown_signal_1
    libshutdown.o(.ARM.Collect$$libshutdown$$00000000) refers (Special) to libshutdown2.o(.ARM.Collect$$libshutdown$$00000004) for __rt_lib_shutdown_stdio_1
    libshutdown.o(.ARM.Collect$$libshutdown$$00000000) refers (Special) to libshutdown2.o(.ARM.Collect$$libshutdown$$0000000C) for __rt_lib_shutdown_user_alloc_1
    sys_command.o(.text) refers (Special) to use_no_semi.o(.text) for __I$use$semihosting
    sys_command.o(.text) refers (Special) to indicate_semi.o(.text) for __semihosting_library_function
    sys_command_hlt.o(.text) refers (Special) to use_no_semi.o(.text) for __I$use$semihosting
    sys_command_hlt.o(.text) refers (Special) to indicate_semi.o(.text) for __semihosting_library_function
    defsig_abrt_inner.o(.text) refers to defsig_general.o(.text) for __default_signal_display
    defsig_rtred_inner.o(.text) refers to defsig_general.o(.text) for __default_signal_display
    defsig_rtmem_inner.o(.text) refers to defsig_general.o(.text) for __default_signal_display
    defsig_rtmem_outer.o(.text) refers to defsig_rtmem_inner.o(.text) for __rt_SIGRTMEM_inner
    defsig_rtmem_outer.o(.text) refers to defsig_exit.o(.text) for __sig_exit
    defsig_rtmem_formal.o(.text) refers to rt_raise.o(.text) for __rt_raise
    defsig_stak_inner.o(.text) refers to defsig_general.o(.text) for __default_signal_display
    defsig_pvfn_inner.o(.text) refers to defsig_general.o(.text) for __default_signal_display
    defsig_cppl_inner.o(.text) refers to defsig_general.o(.text) for __default_signal_display
    defsig_segv_inner.o(.text) refers to defsig_general.o(.text) for __default_signal_display
    defsig_other.o(.text) refers to defsig_general.o(.text) for __default_signal_display


==============================================================================

Removing Unused input sections from the image.

    Removing system_nuc100series.o(.text), (0 bytes).
    Removing system_nuc100series.o(.text.SystemCoreClockUpdate), (152 bytes).
    Removing system_nuc100series.o(.ARM.exidx.text.SystemCoreClockUpdate), (8 bytes).
    Removing system_nuc100series.o(.ARM.exidx.text.SystemInit), (8 bytes).
    Removing main.o(.text), (0 bytes).
    Removing main.o(.ARM.exidx.text.main), (8 bytes).
    Removing main.o(.ARM.exidx.text.reset_player_board), (8 bytes).
    Removing main.o(.ARM.exidx.text.display_board_to_lcd), (8 bytes).
    Removing main.o(.ARM.exidx.text.check_game_condition), (8 bytes).
    Removing main.o(.ARM.exidx.text.shoot), (8 bytes).
    Removing main.o(.ARM.exidx.text.CLK_SysTickDelay), (8 bytes).
    Removing main.o(.ARM.exidx.text.EINT1_IRQHandler), (8 bytes).
    Removing main.o(.ARM.exidx.text.TMR0_IRQHandler), (8 bytes).
    Removing main.o(.ARM.exidx.text.resultBuzzer), (8 bytes).
    Removing main.o(.bss.ReceivedByte), (1 bytes).
    Removing main.o(.ARM.use_no_argv), (4 bytes).
    Removing clk.o(.text), (0 bytes).
    Removing clk.o(.text.CLK_DisableCKO), (16 bytes).
    Removing clk.o(.ARM.exidx.text.CLK_DisableCKO), (8 bytes).
    Removing clk.o(.text.CLK_DisableModuleClock), (36 bytes).
    Removing clk.o(.ARM.exidx.text.CLK_DisableModuleClock), (8 bytes).
    Removing clk.o(.text.CLK_EnableCKO), (36 bytes).
    Removing clk.o(.ARM.exidx.text.CLK_EnableCKO), (8 bytes).
    Removing clk.o(.text.CLK_EnableModuleClock), (36 bytes).
    Removing clk.o(.ARM.exidx.text.CLK_EnableModuleClock), (8 bytes).
    Removing clk.o(.text.CLK_SetModuleClock), (176 bytes).
    Removing clk.o(.ARM.exidx.text.CLK_SetModuleClock), (8 bytes).
    Removing clk.o(.text.CLK_PowerDown), (36 bytes).
    Removing clk.o(.ARM.exidx.text.CLK_PowerDown), (8 bytes).
    Removing clk.o(.text.CLK_Idle), (32 bytes).
    Removing clk.o(.ARM.exidx.text.CLK_Idle), (8 bytes).
    Removing clk.o(.text.CLK_GetHXTFreq), (24 bytes).
    Removing clk.o(.ARM.exidx.text.CLK_GetHXTFreq), (8 bytes).
    Removing clk.o(.text.CLK_GetLXTFreq), (20 bytes).
    Removing clk.o(.ARM.exidx.text.CLK_GetLXTFreq), (8 bytes).
    Removing clk.o(.text.CLK_GetHCLKFreq), (16 bytes).
    Removing clk.o(.ARM.exidx.text.CLK_GetHCLKFreq), (8 bytes).
    Removing clk.o(.text.CLK_GetPCLKFreq), (16 bytes).
    Removing clk.o(.ARM.exidx.text.CLK_GetPCLKFreq), (8 bytes).
    Removing clk.o(.text.CLK_GetCPUFreq), (16 bytes).
    Removing clk.o(.ARM.exidx.text.CLK_GetCPUFreq), (8 bytes).
    Removing clk.o(.text.CLK_SetCoreClock), (116 bytes).
    Removing clk.o(.ARM.exidx.text.CLK_SetCoreClock), (8 bytes).
    Removing clk.o(.text.CLK_EnablePLL), (436 bytes).
    Removing clk.o(.ARM.exidx.text.CLK_EnablePLL), (8 bytes).
    Removing clk.o(.text.CLK_SetHCLK), (68 bytes).
    Removing clk.o(.ARM.exidx.text.CLK_SetHCLK), (8 bytes).
    Removing clk.o(.text.CLK_SetSysTickClockSrc), (20 bytes).
    Removing clk.o(.ARM.exidx.text.CLK_SetSysTickClockSrc), (8 bytes).
    Removing clk.o(.text.CLK_EnableXtalRC), (16 bytes).
    Removing clk.o(.ARM.exidx.text.CLK_EnableXtalRC), (8 bytes).
    Removing clk.o(.text.CLK_DisableXtalRC), (16 bytes).
    Removing clk.o(.ARM.exidx.text.CLK_DisableXtalRC), (8 bytes).
    Removing clk.o(.text.CLK_WaitClockReady), (32 bytes).
    Removing clk.o(.ARM.exidx.text.CLK_WaitClockReady), (8 bytes).
    Removing clk.o(.text.CLK_DisablePLL), (20 bytes).
    Removing clk.o(.ARM.exidx.text.CLK_DisablePLL), (8 bytes).
    Removing clk.o(.rodata.cst16), (16 bytes).
    Removing gpio.o(.text), (0 bytes).
    Removing gpio.o(.ARM.exidx.text.GPIO_SetMode), (8 bytes).
    Removing gpio.o(.text.GPIO_EnableInt), (28 bytes).
    Removing gpio.o(.ARM.exidx.text.GPIO_EnableInt), (8 bytes).
    Removing gpio.o(.text.GPIO_DisableInt), (28 bytes).
    Removing gpio.o(.ARM.exidx.text.GPIO_DisableInt), (8 bytes).
    Removing lcd.o(.text), (0 bytes).
    Removing lcd.o(.text.init_SPI3), (36 bytes).
    Removing lcd.o(.ARM.exidx.text.init_SPI3), (8 bytes).
    Removing lcd.o(.text.lcdWriteCommand), (44 bytes).
    Removing lcd.o(.ARM.exidx.text.lcdWriteCommand), (8 bytes).
    Removing lcd.o(.ARM.exidx.text.lcdWriteData), (8 bytes).
    Removing lcd.o(.ARM.exidx.text.lcdSetAddr), (8 bytes).
    Removing lcd.o(.text.init_LCD), (36 bytes).
    Removing lcd.o(.ARM.exidx.text.init_LCD), (8 bytes).
    Removing lcd.o(.text.clear_LCD), (76 bytes).
    Removing lcd.o(.ARM.exidx.text.clear_LCD), (8 bytes).
    Removing lcd.o(.ARM.exidx.text.printC), (8 bytes).
    Removing lcd.o(.ARM.exidx.text.printC_5x7), (8 bytes).
    Removing lcd.o(.text.print_Line), (36 bytes).
    Removing lcd.o(.ARM.exidx.text.print_Line), (8 bytes).
    Removing lcd.o(.ARM.exidx.text.printS), (8 bytes).
    Removing lcd.o(.text.printS_5x7), (40 bytes).
    Removing lcd.o(.ARM.exidx.text.printS_5x7), (8 bytes).
    Removing lcd.o(.text.draw_Bmp8x8), (82 bytes).
    Removing lcd.o(.ARM.exidx.text.draw_Bmp8x8), (8 bytes).
    Removing lcd.o(.text.draw_Pixel), (84 bytes).
    Removing lcd.o(.ARM.exidx.text.draw_Pixel), (8 bytes).
    Removing lcd.o(.text.draw_Bmp32x8), (82 bytes).
    Removing lcd.o(.ARM.exidx.text.draw_Bmp32x8), (8 bytes).
    Removing lcd.o(.text.draw_Bmp120x8), (82 bytes).
    Removing lcd.o(.ARM.exidx.text.draw_Bmp120x8), (8 bytes).
    Removing lcd.o(.text.draw_Bmp8x16), (134 bytes).
    Removing lcd.o(.ARM.exidx.text.draw_Bmp8x16), (8 bytes).
    Removing lcd.o(.text.draw_Bmp16x8), (82 bytes).
    Removing lcd.o(.ARM.exidx.text.draw_Bmp16x8), (8 bytes).
    Removing lcd.o(.text.draw_Bmp16x16), (112 bytes).
    Removing lcd.o(.ARM.exidx.text.draw_Bmp16x16), (8 bytes).
    Removing lcd.o(.text.draw_Bmp16x24), (112 bytes).
    Removing lcd.o(.ARM.exidx.text.draw_Bmp16x24), (8 bytes).
    Removing lcd.o(.text.draw_Bmp16x32), (112 bytes).
    Removing lcd.o(.ARM.exidx.text.draw_Bmp16x32), (8 bytes).
    Removing lcd.o(.text.draw_Bmp16x40), (112 bytes).
    Removing lcd.o(.ARM.exidx.text.draw_Bmp16x40), (8 bytes).
    Removing lcd.o(.text.draw_Bmp16x48), (112 bytes).
    Removing lcd.o(.ARM.exidx.text.draw_Bmp16x48), (8 bytes).
    Removing lcd.o(.text.draw_Bmp16x64), (106 bytes).
    Removing lcd.o(.ARM.exidx.text.draw_Bmp16x64), (8 bytes).
    Removing lcd.o(.text.draw_Bmp32x16), (142 bytes).
    Removing lcd.o(.ARM.exidx.text.draw_Bmp32x16), (8 bytes).
    Removing lcd.o(.text.draw_Bmp32x32), (142 bytes).
    Removing lcd.o(.ARM.exidx.text.draw_Bmp32x32), (8 bytes).
    Removing lcd.o(.text.draw_Bmp32x48), (142 bytes).
    Removing lcd.o(.ARM.exidx.text.draw_Bmp32x48), (8 bytes).
    Removing lcd.o(.text.draw_Bmp32x64), (136 bytes).
    Removing lcd.o(.ARM.exidx.text.draw_Bmp32x64), (8 bytes).
    Removing lcd.o(.text.draw_Bmp64x64), (136 bytes).
    Removing lcd.o(.ARM.exidx.text.draw_Bmp64x64), (8 bytes).
    Removing lcd.o(.text.draw_LCD), (54 bytes).
    Removing lcd.o(.ARM.exidx.text.draw_LCD), (8 bytes).
    Removing lcd.o(.bss.DisplayBuffer), (1024 bytes).
    Removing spi.o(.text), (0 bytes).
    Removing spi.o(.text.SPI_Open), (368 bytes).
    Removing spi.o(.ARM.exidx.text.SPI_Open), (8 bytes).
    Removing spi.o(.text.CLK_GetPLLClockFreq), (88 bytes).
    Removing spi.o(.ARM.exidx.text.CLK_GetPLLClockFreq), (8 bytes).
    Removing spi.o(.text.SPI_Close), (108 bytes).
    Removing spi.o(.ARM.exidx.text.SPI_Close), (8 bytes).
    Removing spi.o(.text.SPI_ClearRxFIFO), (10 bytes).
    Removing spi.o(.ARM.exidx.text.SPI_ClearRxFIFO), (8 bytes).
    Removing spi.o(.text.SPI_ClearTxFIFO), (10 bytes).
    Removing spi.o(.ARM.exidx.text.SPI_ClearTxFIFO), (8 bytes).
    Removing spi.o(.text.SPI_DisableAutoSS), (10 bytes).
    Removing spi.o(.ARM.exidx.text.SPI_DisableAutoSS), (8 bytes).
    Removing spi.o(.text.SPI_EnableAutoSS), (18 bytes).
    Removing spi.o(.ARM.exidx.text.SPI_EnableAutoSS), (8 bytes).
    Removing spi.o(.text.SPI_SetBusClock), (288 bytes).
    Removing spi.o(.ARM.exidx.text.SPI_SetBusClock), (8 bytes).
    Removing spi.o(.text.SPI_EnableFIFO), (32 bytes).
    Removing spi.o(.ARM.exidx.text.SPI_EnableFIFO), (8 bytes).
    Removing spi.o(.text.SPI_DisableFIFO), (12 bytes).
    Removing spi.o(.ARM.exidx.text.SPI_DisableFIFO), (8 bytes).
    Removing spi.o(.text.SPI_GetBusClock), (100 bytes).
    Removing spi.o(.ARM.exidx.text.SPI_GetBusClock), (8 bytes).
    Removing spi.o(.text.SPI_EnableInt), (80 bytes).
    Removing spi.o(.ARM.exidx.text.SPI_EnableInt), (8 bytes).
    Removing spi.o(.text.SPI_DisableInt), (80 bytes).
    Removing spi.o(.ARM.exidx.text.SPI_DisableInt), (8 bytes).
    Removing spi.o(.text.SPI_GetIntFlag), (90 bytes).
    Removing spi.o(.ARM.exidx.text.SPI_GetIntFlag), (8 bytes).
    Removing spi.o(.text.SPI_ClearIntFlag), (48 bytes).
    Removing spi.o(.ARM.exidx.text.SPI_ClearIntFlag), (8 bytes).
    Removing spi.o(.text.SPI_GetStatus), (78 bytes).
    Removing spi.o(.ARM.exidx.text.SPI_GetStatus), (8 bytes).
    Removing 7seg.o(.text), (0 bytes).
    Removing 7seg.o(.ARM.exidx.text.set7seg), (8 bytes).
    Removing 7seg.o(.ARM.exidx.text.display7seg), (8 bytes).
    Removing 7seg.o(.ARM.exidx.text.setShots), (8 bytes).
    Removing 7seg.o(.bss.cur), (4 bytes).
    Removing sysconf.o(.text), (0 bytes).
    Removing sysconf.o(.ARM.exidx.text.System_Config), (8 bytes).
    Removing uartconf.o(.text), (0 bytes).
    Removing uartconf.o(.ARM.exidx.text.UART0_CLKConfig), (8 bytes).
    Removing uartconf.o(.ARM.exidx.text.UART0_Config), (8 bytes).
    Removing uartconf.o(.text.UART0_SendChar), (36 bytes).
    Removing uartconf.o(.ARM.exidx.text.UART0_SendChar), (8 bytes).
    Removing lcdconf.o(.text), (0 bytes).
    Removing lcdconf.o(.ARM.exidx.text.LCD_start), (8 bytes).
    Removing lcdconf.o(.ARM.exidx.text.LCD_command), (8 bytes).
    Removing lcdconf.o(.ARM.exidx.text.LCD_data), (8 bytes).
    Removing lcdconf.o(.ARM.exidx.text.LCD_clear), (8 bytes).
    Removing lcdconf.o(.ARM.exidx.text.LCD_SetAddress), (8 bytes).
    Removing lcdconf.o(.ARM.exidx.text.SPI3_Config), (8 bytes).
    Removing keypad.o(.text), (0 bytes).
    Removing keypad.o(.ARM.exidx.text.search_col1), (8 bytes).
    Removing keypad.o(.ARM.exidx.text.CLK_SysTickDelay), (8 bytes).
    Removing keypad.o(.ARM.exidx.text.search_col2), (8 bytes).
    Removing keypad.o(.ARM.exidx.text.search_col3), (8 bytes).
    Removing keypad.o(.ARM.exidx.text.handleKeymatrix), (8 bytes).

177 unused section(s) (total 6905 bytes) removed from the image.

==============================================================================

Image Symbol Table

    Local Symbols

    Symbol Name                              Value     Ov Type        Size  Object(Section)

    ../clib/../cmprslib/zerorunl2.c          0x00000000   Number         0  __dczerorl2.o ABSOLUTE
    ../clib/angel/boardlib.s                 0x00000000   Number         0  boardinit1.o ABSOLUTE
    ../clib/angel/boardlib.s                 0x00000000   Number         0  boardinit2.o ABSOLUTE
    ../clib/angel/boardlib.s                 0x00000000   Number         0  boardinit3.o ABSOLUTE
    ../clib/angel/boardlib.s                 0x00000000   Number         0  boardshut.o ABSOLUTE
    ../clib/angel/handlers.s                 0x00000000   Number         0  __scatter_zi.o ABSOLUTE
    ../clib/angel/kernel.s                   0x00000000   Number         0  __rtentry.o ABSOLUTE
    ../clib/angel/kernel.s                   0x00000000   Number         0  __rtentry2.o ABSOLUTE
    ../clib/angel/kernel.s                   0x00000000   Number         0  __rtentry4.o ABSOLUTE
    ../clib/angel/kernel.s                   0x00000000   Number         0  rtexit.o ABSOLUTE
    ../clib/angel/kernel.s                   0x00000000   Number         0  rtexit2.o ABSOLUTE
    ../clib/angel/rt.s                       0x00000000   Number         0  aeabi_idiv0.o ABSOLUTE
    ../clib/angel/rt.s                       0x00000000   Number         0  aeabi_idiv0_sigfpe.o ABSOLUTE
    ../clib/angel/rt.s                       0x00000000   Number         0  rt_div0.o ABSOLUTE
    ../clib/angel/rt.s                       0x00000000   Number         0  rt_raise.o ABSOLUTE
    ../clib/angel/scatterp.s                 0x00000000   Number         0  __scatter.o ABSOLUTE
    ../clib/angel/startup.s                  0x00000000   Number         0  __main.o ABSOLUTE
    ../clib/angel/sys.s                      0x00000000   Number         0  sys_stackheap_outer.o ABSOLUTE
    ../clib/angel/sys.s                      0x00000000   Number         0  libspace.o ABSOLUTE
    ../clib/angel/sys.s                      0x00000000   Number         0  tempstk.o ABSOLUTE
    ../clib/angel/sys.s                      0x00000000   Number         0  use_no_semi.o ABSOLUTE
    ../clib/angel/sys.s                      0x00000000   Number         0  indicate_semi.o ABSOLUTE
    ../clib/angel/sysapp.c                   0x00000000   Number         0  sys_exit.o ABSOLUTE
    ../clib/angel/sysapp.c                   0x00000000   Number         0  sys_exit_hlt.o ABSOLUTE
    ../clib/angel/sysapp.c                   0x00000000   Number         0  sys_wrch.o ABSOLUTE
    ../clib/angel/sysapp.c                   0x00000000   Number         0  sys_wrch_hlt.o ABSOLUTE
    ../clib/angel/sysapp.c                   0x00000000   Number         0  sys_command.o ABSOLUTE
    ../clib/angel/sysapp.c                   0x00000000   Number         0  sys_command_hlt.o ABSOLUTE
    ../clib/armsys.c                         0x00000000   Number         0  argv_veneer.o ABSOLUTE
    ../clib/armsys.c                         0x00000000   Number         0  _get_argv_nomalloc.o ABSOLUTE
    ../clib/armsys.c                         0x00000000   Number         0  no_argv.o ABSOLUTE
    ../clib/division.s                       0x00000000   Number         0  aeabi_sdiv.o ABSOLUTE
    ../clib/division.s                       0x00000000   Number         0  aeabi_sdiv_div0.o ABSOLUTE
    ../clib/heapalloc.c                      0x00000000   Number         0  hrguard.o ABSOLUTE
    ../clib/heapaux.c                        0x00000000   Number         0  heapauxi.o ABSOLUTE
    ../clib/libinit.s                        0x00000000   Number         0  libinit.o ABSOLUTE
    ../clib/libinit.s                        0x00000000   Number         0  libinit2.o ABSOLUTE
    ../clib/libinit.s                        0x00000000   Number         0  libshutdown.o ABSOLUTE
    ../clib/libinit.s                        0x00000000   Number         0  libshutdown2.o ABSOLUTE
    ../clib/signal.c                         0x00000000   Number         0  defsig_fpe_outer.o ABSOLUTE
    ../clib/signal.c                         0x00000000   Number         0  defsig_fpe_formal.o ABSOLUTE
    ../clib/signal.c                         0x00000000   Number         0  defsig_exit.o ABSOLUTE
    ../clib/signal.c                         0x00000000   Number         0  defsig_fpe_inner.o ABSOLUTE
    ../clib/signal.c                         0x00000000   Number         0  __raise.o ABSOLUTE
    ../clib/signal.c                         0x00000000   Number         0  defsig_general.o ABSOLUTE
    ../clib/signal.c                         0x00000000   Number         0  defsig_abrt_inner.o ABSOLUTE
    ../clib/signal.c                         0x00000000   Number         0  defsig_rtred_inner.o ABSOLUTE
    ../clib/signal.c                         0x00000000   Number         0  defsig_rtmem_inner.o ABSOLUTE
    ../clib/signal.c                         0x00000000   Number         0  defsig_rtmem_outer.o ABSOLUTE
    ../clib/signal.c                         0x00000000   Number         0  defsig_rtmem_formal.o ABSOLUTE
    ../clib/signal.c                         0x00000000   Number         0  defsig_stak_inner.o ABSOLUTE
    ../clib/signal.c                         0x00000000   Number         0  defsig_pvfn_inner.o ABSOLUTE
    ../clib/signal.c                         0x00000000   Number         0  defsig_cppl_inner.o ABSOLUTE
    ../clib/signal.c                         0x00000000   Number         0  defsig_segv_inner.o ABSOLUTE
    ../clib/signal.c                         0x00000000   Number         0  defsig_other.o ABSOLUTE
    ../clib/signal.s                         0x00000000   Number         0  defsig.o ABSOLUTE
    ../clib/stdlib.c                         0x00000000   Number         0  exit.o ABSOLUTE
    ../clib/string.c                         0x00000000   Number         0  strlen.o ABSOLUTE
    ../fplib/cfplib/fpinit.c                 0x00000000   Number         0  fpinit.o ABSOLUTE
    7seg.c                                   0x00000000   Number         0  7seg.o ABSOLUTE
    C:/Keil_v5/Library/NUC100Series/Source/ARM/startup_NUC100Series.s 0x00000000   Number         0  startup_nuc100series.o ABSOLUTE
    LCD.c                                    0x00000000   Number         0  lcd.o ABSOLUTE
    clk.c                                    0x00000000   Number         0  clk.o ABSOLUTE
    dc.s                                     0x00000000   Number         0  dc.o ABSOLUTE
    gpio.c                                   0x00000000   Number         0  gpio.o ABSOLUTE
    keypad.c                                 0x00000000   Number         0  keypad.o ABSOLUTE
    lcdconf.c                                0x00000000   Number         0  lcdconf.o ABSOLUTE
    main.c                                   0x00000000   Number         0  main.o ABSOLUTE
    spi.c                                    0x00000000   Number         0  spi.o ABSOLUTE
    sysconf.c                                0x00000000   Number         0  sysconf.o ABSOLUTE
    system_NUC100Series.c                    0x00000000   Number         0  system_nuc100series.o ABSOLUTE
    uartconf.c                               0x00000000   Number         0  uartconf.o ABSOLUTE
    RESET                                    0x00000000   Section      192  startup_nuc100series.o(RESET)
    !!!main                                  0x000000c0   Section        8  __main.o(!!!main)
    !!!scatter                               0x000000c8   Section       60  __scatter.o(!!!scatter)
    !!handler_zi                             0x00000104   Section       28  __scatter_zi.o(!!handler_zi)
    .ARM.Collect$$libinit$$00000000          0x00000120   Section        2  libinit.o(.ARM.Collect$$libinit$$00000000)
    .ARM.Collect$$libinit$$00000002          0x00000122   Section        0  libinit2.o(.ARM.Collect$$libinit$$00000002)
    .ARM.Collect$$libinit$$00000004          0x00000122   Section        0  libinit2.o(.ARM.Collect$$libinit$$00000004)
    .ARM.Collect$$libinit$$0000000A          0x00000122   Section        0  libinit2.o(.ARM.Collect$$libinit$$0000000A)
    .ARM.Collect$$libinit$$0000000C          0x00000122   Section        0  libinit2.o(.ARM.Collect$$libinit$$0000000C)
    .ARM.Collect$$libinit$$0000000E          0x00000122   Section        0  libinit2.o(.ARM.Collect$$libinit$$0000000E)
    .ARM.Collect$$libinit$$00000011          0x00000122   Section        0  libinit2.o(.ARM.Collect$$libinit$$00000011)
    .ARM.Collect$$libinit$$00000013          0x00000122   Section        0  libinit2.o(.ARM.Collect$$libinit$$00000013)
    .ARM.Collect$$libinit$$00000015          0x00000122   Section        0  libinit2.o(.ARM.Collect$$libinit$$00000015)
    .ARM.Collect$$libinit$$00000017          0x00000122   Section        0  libinit2.o(.ARM.Collect$$libinit$$00000017)
    .ARM.Collect$$libinit$$00000019          0x00000122   Section        0  libinit2.o(.ARM.Collect$$libinit$$00000019)
    .ARM.Collect$$libinit$$0000001B          0x00000122   Section        0  libinit2.o(.ARM.Collect$$libinit$$0000001B)
    .ARM.Collect$$libinit$$0000001D          0x00000122   Section        0  libinit2.o(.ARM.Collect$$libinit$$0000001D)
    .ARM.Collect$$libinit$$0000001F          0x00000122   Section        0  libinit2.o(.ARM.Collect$$libinit$$0000001F)
    .ARM.Collect$$libinit$$00000021          0x00000122   Section        0  libinit2.o(.ARM.Collect$$libinit$$00000021)
    .ARM.Collect$$libinit$$00000023          0x00000122   Section        0  libinit2.o(.ARM.Collect$$libinit$$00000023)
    .ARM.Collect$$libinit$$00000025          0x00000122   Section        0  libinit2.o(.ARM.Collect$$libinit$$00000025)
    .ARM.Collect$$libinit$$0000002C          0x00000122   Section        0  libinit2.o(.ARM.Collect$$libinit$$0000002C)
    .ARM.Collect$$libinit$$0000002E          0x00000122   Section        0  libinit2.o(.ARM.Collect$$libinit$$0000002E)
    .ARM.Collect$$libinit$$00000030          0x00000122   Section        0  libinit2.o(.ARM.Collect$$libinit$$00000030)
    .ARM.Collect$$libinit$$00000032          0x00000122   Section        0  libinit2.o(.ARM.Collect$$libinit$$00000032)
    .ARM.Collect$$libinit$$00000033          0x00000122   Section        2  libinit2.o(.ARM.Collect$$libinit$$00000033)
    .ARM.Collect$$libshutdown$$00000000      0x00000124   Section        2  libshutdown.o(.ARM.Collect$$libshutdown$$00000000)
    .ARM.Collect$$libshutdown$$00000002      0x00000126   Section        0  libshutdown2.o(.ARM.Collect$$libshutdown$$00000002)
    .ARM.Collect$$libshutdown$$00000004      0x00000126   Section        0  libshutdown2.o(.ARM.Collect$$libshutdown$$00000004)
    .ARM.Collect$$libshutdown$$00000007      0x00000126   Section        0  libshutdown2.o(.ARM.Collect$$libshutdown$$00000007)
    .ARM.Collect$$libshutdown$$0000000A      0x00000126   Section        0  libshutdown2.o(.ARM.Collect$$libshutdown$$0000000A)
    .ARM.Collect$$libshutdown$$0000000C      0x00000126   Section        0  libshutdown2.o(.ARM.Collect$$libshutdown$$0000000C)
    .ARM.Collect$$libshutdown$$0000000F      0x00000126   Section        0  libshutdown2.o(.ARM.Collect$$libshutdown$$0000000F)
    .ARM.Collect$$libshutdown$$00000010      0x00000126   Section        2  libshutdown2.o(.ARM.Collect$$libshutdown$$00000010)
    .ARM.Collect$$rtentry$$00000000          0x00000128   Section        0  __rtentry.o(.ARM.Collect$$rtentry$$00000000)
    .ARM.Collect$$rtentry$$00000002          0x00000128   Section        0  __rtentry2.o(.ARM.Collect$$rtentry$$00000002)
    .ARM.Collect$$rtentry$$00000004          0x00000128   Section        6  __rtentry4.o(.ARM.Collect$$rtentry$$00000004)
    .ARM.Collect$$rtentry$$00000009          0x0000012e   Section        0  __rtentry2.o(.ARM.Collect$$rtentry$$00000009)
    .ARM.Collect$$rtentry$$0000000A          0x0000012e   Section        4  __rtentry2.o(.ARM.Collect$$rtentry$$0000000A)
    .ARM.Collect$$rtentry$$0000000C          0x00000132   Section        0  __rtentry2.o(.ARM.Collect$$rtentry$$0000000C)
    .ARM.Collect$$rtentry$$0000000D          0x00000132   Section        8  __rtentry2.o(.ARM.Collect$$rtentry$$0000000D)
    .ARM.Collect$$rtexit$$00000000           0x0000013a   Section        2  rtexit.o(.ARM.Collect$$rtexit$$00000000)
    .ARM.Collect$$rtexit$$00000002           0x0000013c   Section        0  rtexit2.o(.ARM.Collect$$rtexit$$00000002)
    .ARM.Collect$$rtexit$$00000003           0x0000013c   Section        4  rtexit2.o(.ARM.Collect$$rtexit$$00000003)
    .ARM.Collect$$rtexit$$00000004           0x00000140   Section        6  rtexit2.o(.ARM.Collect$$rtexit$$00000004)
    .text                                    0x00000148   Section      100  startup_nuc100series.o(.text)
    Default_Handler                          0x00000173   Thumb Code     2  startup_nuc100series.o(.text)
    .text                                    0x000001ac   Section        0  strlen.o(.text)
    .text                                    0x000001f0   Section      364  aeabi_sdiv.o(.text)
    .text                                    0x0000035c   Section        0  heapauxi.o(.text)
    .text                                    0x00000362   Section       62  sys_stackheap_outer.o(.text)
    .text                                    0x000003a0   Section        0  exit.o(.text)
    .text                                    0x000003b0   Section        8  libspace.o(.text)
    .text                                    0x000003b8   Section        0  sys_exit.o(.text)
    .text                                    0x000003c4   Section        2  use_no_semi.o(.text)
    .text                                    0x000003c6   Section        0  indicate_semi.o(.text)
    .text                                    0x000003c6   Section        0  __dczerorl2.o(.text)
    CLK_SysTickDelay                         0x0000041d   Thumb Code    28  main.o(.text.CLK_SysTickDelay)
    [Anonymous Symbol]                       0x0000041c   Section        0  main.o(.text.CLK_SysTickDelay)
    CLK_SysTickDelay                         0x00000439   Thumb Code    40  keypad.o(.text.CLK_SysTickDelay)
    [Anonymous Symbol]                       0x00000438   Section        0  keypad.o(.text.CLK_SysTickDelay)
    __arm_cp.1_0                             0x00000458   Number         4  keypad.o(.text.CLK_SysTickDelay)
    __arm_cp.1_1                             0x0000045c   Number         4  keypad.o(.text.CLK_SysTickDelay)
    [Anonymous Symbol]                       0x00000460   Section        0  main.o(.text.EINT1_IRQHandler)
    __arm_cp.6_0                             0x00000474   Number         4  main.o(.text.EINT1_IRQHandler)
    __arm_cp.6_1                             0x00000478   Number         4  main.o(.text.EINT1_IRQHandler)
    [Anonymous Symbol]                       0x0000047c   Section        0  gpio.o(.text.GPIO_SetMode)
    [Anonymous Symbol]                       0x000004a8   Section        0  lcdconf.o(.text.LCD_SetAddress)
    [Anonymous Symbol]                       0x000004c4   Section        0  lcdconf.o(.text.LCD_clear)
    [Anonymous Symbol]                       0x000004e4   Section        0  lcdconf.o(.text.LCD_command)
    [Anonymous Symbol]                       0x00000504   Section        0  lcdconf.o(.text.LCD_data)
    [Anonymous Symbol]                       0x00000528   Section        0  lcdconf.o(.text.LCD_start)
    __arm_cp.0_0                             0x0000054c   Number         4  lcdconf.o(.text.LCD_start)
    [Anonymous Symbol]                       0x00000550   Section        0  lcdconf.o(.text.SPI3_Config)
    __arm_cp.5_0                             0x000005e4   Number         4  lcdconf.o(.text.SPI3_Config)
    __arm_cp.5_1                             0x000005e8   Number         4  lcdconf.o(.text.SPI3_Config)
    __arm_cp.5_2                             0x000005ec   Number         4  lcdconf.o(.text.SPI3_Config)
    __arm_cp.5_3                             0x000005f0   Number         4  lcdconf.o(.text.SPI3_Config)
    [Anonymous Symbol]                       0x000005f4   Section        0  system_nuc100series.o(.text.SystemInit)
    [Anonymous Symbol]                       0x000005f8   Section        0  sysconf.o(.text.System_Config)
    __arm_cp.0_0                             0x000007c4   Number         4  sysconf.o(.text.System_Config)
    __arm_cp.0_2                             0x000007c8   Number         4  sysconf.o(.text.System_Config)
    __arm_cp.0_3                             0x000007cc   Number         4  sysconf.o(.text.System_Config)
    __arm_cp.0_4                             0x000007d0   Number         4  sysconf.o(.text.System_Config)
    __arm_cp.0_5                             0x000007d4   Number         4  sysconf.o(.text.System_Config)
    __arm_cp.0_6                             0x000007d8   Number         4  sysconf.o(.text.System_Config)
    __arm_cp.0_7                             0x000007dc   Number         4  sysconf.o(.text.System_Config)
    __arm_cp.0_8                             0x000007e0   Number         4  sysconf.o(.text.System_Config)
    __arm_cp.0_10                            0x000007e4   Number         4  sysconf.o(.text.System_Config)
    __arm_cp.0_11                            0x000007e8   Number         4  sysconf.o(.text.System_Config)
    __arm_cp.0_12                            0x000007ec   Number         4  sysconf.o(.text.System_Config)
    [Anonymous Symbol]                       0x000007f0   Section        0  main.o(.text.TMR0_IRQHandler)
    __arm_cp.7_1                             0x00000824   Number         4  main.o(.text.TMR0_IRQHandler)
    __arm_cp.7_2                             0x00000828   Number         4  main.o(.text.TMR0_IRQHandler)
    [Anonymous Symbol]                       0x0000082c   Section        0  uartconf.o(.text.UART0_CLKConfig)
    __arm_cp.0_0                             0x00000850   Number         4  uartconf.o(.text.UART0_CLKConfig)
    [Anonymous Symbol]                       0x00000854   Section        0  uartconf.o(.text.UART0_Config)
    __arm_cp.1_0                             0x000008c8   Number         4  uartconf.o(.text.UART0_Config)
    __arm_cp.1_1                             0x000008cc   Number         4  uartconf.o(.text.UART0_Config)
    __arm_cp.1_2                             0x000008d0   Number         4  uartconf.o(.text.UART0_Config)
    __arm_cp.1_3                             0x000008d4   Number         4  uartconf.o(.text.UART0_Config)
    [Anonymous Symbol]                       0x000008d8   Section        0  main.o(.text.check_game_condition)
    __arm_cp.3_1                             0x00000930   Number         4  main.o(.text.check_game_condition)
    [Anonymous Symbol]                       0x00000934   Section        0  7seg.o(.text.display7seg)
    __arm_cp.1_0                             0x000009d4   Number         4  7seg.o(.text.display7seg)
    __arm_cp.1_1                             0x000009d8   Number         4  7seg.o(.text.display7seg)
    __arm_cp.1_2                             0x000009dc   Number         4  7seg.o(.text.display7seg)
    [Anonymous Symbol]                       0x000009e0   Section        0  main.o(.text.display_board_to_lcd)
    __arm_cp.2_0                             0x00000a18   Number         4  main.o(.text.display_board_to_lcd)
    [Anonymous Symbol]                       0x00000a1c   Section        0  keypad.o(.text.handleKeymatrix)
    __arm_cp.4_2                             0x00000aac   Number         4  keypad.o(.text.handleKeymatrix)
    __arm_cp.4_3                             0x00000ab0   Number         4  keypad.o(.text.handleKeymatrix)
    [Anonymous Symbol]                       0x00000ab4   Section        0  lcd.o(.text.lcdSetAddr)
    [Anonymous Symbol]                       0x00000b20   Section        0  lcd.o(.text.lcdWriteData)
    __arm_cp.2_0                             0x00000b4c   Number         4  lcd.o(.text.lcdWriteData)
    [Anonymous Symbol]                       0x00000b50   Section        0  main.o(.text.main)
    __arm_cp.0_0                             0x00000c14   Number         4  main.o(.text.main)
    __arm_cp.0_1                             0x00000c18   Number         4  main.o(.text.main)
    __arm_cp.0_2                             0x00000c1c   Number         4  main.o(.text.main)
    __arm_cp.0_3                             0x00000c20   Number         4  main.o(.text.main)
    [Anonymous Symbol]                       0x00000c48   Section        0  lcd.o(.text.printC)
    __arm_cp.6_0                             0x00000cac   Number         4  lcd.o(.text.printC)
    __arm_cp.6_1                             0x00000cb0   Number         4  lcd.o(.text.printC)
    [Anonymous Symbol]                       0x00000cb4   Section        0  lcd.o(.text.printC_5x7)
    __arm_cp.7_0                             0x00000d0c   Number         4  lcd.o(.text.printC_5x7)
    [Anonymous Symbol]                       0x00000d10   Section        0  lcd.o(.text.printS)
    [Anonymous Symbol]                       0x00000d3c   Section        0  main.o(.text.reset_player_board)
    __arm_cp.1_0                             0x00000d5c   Number         4  main.o(.text.reset_player_board)
    [Anonymous Symbol]                       0x00000d60   Section        0  main.o(.text.resultBuzzer)
    __arm_cp.8_0                             0x00000d90   Number         4  main.o(.text.resultBuzzer)
    __arm_cp.8_1                             0x00000d94   Number         4  main.o(.text.resultBuzzer)
    [Anonymous Symbol]                       0x00000d98   Section        0  keypad.o(.text.search_col1)
    __arm_cp.0_0                             0x00000e08   Number         4  keypad.o(.text.search_col1)
    [Anonymous Symbol]                       0x00000e0c   Section        0  keypad.o(.text.search_col2)
    [Anonymous Symbol]                       0x00000e78   Section        0  keypad.o(.text.search_col3)
    __arm_cp.3_0                             0x00000ee8   Number         4  keypad.o(.text.search_col3)
    [Anonymous Symbol]                       0x00000eec   Section        0  7seg.o(.text.set7seg)
    [Anonymous Symbol]                       0x00000ef4   Section        0  7seg.o(.text.setShots)
    __arm_cp.2_0                             0x00000f0c   Number         4  7seg.o(.text.setShots)
    [Anonymous Symbol]                       0x00000f10   Section        0  main.o(.text.shoot)
    __arm_cp.4_0                             0x00000f78   Number         4  main.o(.text.shoot)
    __arm_cp.4_1                             0x00000f7c   Number         4  main.o(.text.shoot)
    __arm_cp.4_2                             0x00000f80   Number         4  main.o(.text.shoot)
    __arm_cp.4_3                             0x00000f84   Number         4  main.o(.text.shoot)
    __arm_cp.4_4                             0x00000f88   Number         4  main.o(.text.shoot)
    __arm_cp.4_5                             0x00000f8c   Number         4  main.o(.text.shoot)
    __arm_cp.4_6                             0x00000f90   Number         4  main.o(.text.shoot)
    Font5x7                                  0x00000f94   Data         480  lcd.o(.rodata.Font5x7)
    [Anonymous Symbol]                       0x00000f94   Section        0  lcd.o(.rodata.Font5x7)
    [Anonymous Symbol]                       0x20000000   Section        0  system_nuc100series.o(.data..L_MergedGlobals)
    [Anonymous Symbol]                       0x2000002c   Section        0  main.o(.data..L_MergedGlobals)
    [Anonymous Symbol]                       0x20000034   Section        0  7seg.o(.data..L_MergedGlobals)
    [Anonymous Symbol]                       0x20000070   Section        0  keypad.o(.data..L_MergedGlobals)
    .bss                                     0x20000768   Section       96  libspace.o(.bss)
    [Anonymous Symbol]                       0x200007c8   Section        0  main.o(.bss..L_MergedGlobals.3)
    Heap_Mem                                 0x200008e0   Data           0  startup_nuc100series.o(HEAP)
    Stack_Mem                                0x200008e0   Data        1024  startup_nuc100series.o(STACK)
    HEAP                                     0x200008e0   Section        0  startup_nuc100series.o(HEAP)
    STACK                                    0x200008e0   Section     1024  startup_nuc100series.o(STACK)
    __initial_sp                             0x20000ce0   Data           0  startup_nuc100series.o(STACK)

    Global Symbols

    Symbol Name                              Value     Ov Type        Size  Object(Section)

    BuildAttributes$$THM_ISAv3M$S$PE$A:L22$X:L11$S22$IEEE1$IW$~IW$USESV6$~STKCKD$USESV7$~SHL$OSPACE$ROPI$EBA8$UX$STANDARDLIB$REQ8$PRES8$EABIv2 0x00000000   Number         0  anon$$obj.o ABSOLUTE
    __Vectors                                0x00000000   Data           4  startup_nuc100series.o(RESET)
    __ARM_exceptions_init                     - Undefined Weak Reference
    __alloca_initialize                       - Undefined Weak Reference
    __arm_preinit_                            - Undefined Weak Reference
    __cpp_initialize__aeabi_                  - Undefined Weak Reference
    __cxa_finalize                            - Undefined Weak Reference
    __rt_locale                               - Undefined Weak Reference
    __sigvec_lookup                           - Undefined Weak Reference
    _atexit_init                              - Undefined Weak Reference
    _call_atexit_fns                          - Undefined Weak Reference
    _clock_init                               - Undefined Weak Reference
    _fp_trap_init                             - Undefined Weak Reference
    _fp_trap_shutdown                         - Undefined Weak Reference
    _get_lc_collate                           - Undefined Weak Reference
    _get_lc_ctype                             - Undefined Weak Reference
    _get_lc_monetary                          - Undefined Weak Reference
    _get_lc_numeric                           - Undefined Weak Reference
    _get_lc_time                              - Undefined Weak Reference
    _getenv_init                              - Undefined Weak Reference
    _handle_redirection                       - Undefined Weak Reference
    _init_alloc                               - Undefined Weak Reference
    _init_user_alloc                          - Undefined Weak Reference
    _initio                                   - Undefined Weak Reference
    _rand_init                                - Undefined Weak Reference
    _signal_finish                            - Undefined Weak Reference
    _signal_init                              - Undefined Weak Reference
    _terminate_alloc                          - Undefined Weak Reference
    _terminate_user_alloc                     - Undefined Weak Reference
    _terminateio                              - Undefined Weak Reference
    __main                                   0x000000c1   Thumb Code     8  __main.o(!!!main)
    __scatterload                            0x000000c9   Thumb Code     0  __scatter.o(!!!scatter)
    __scatterload_rt2                        0x000000c9   Thumb Code    52  __scatter.o(!!!scatter)
    __scatterload_rt2_thumb_only             0x000000c9   Thumb Code     0  __scatter.o(!!!scatter)
    __scatterload_null                       0x000000d9   Thumb Code     0  __scatter.o(!!!scatter)
    __scatterload_zeroinit                   0x00000105   Thumb Code    28  __scatter_zi.o(!!handler_zi)
    __rt_lib_init                            0x00000121   Thumb Code     0  libinit.o(.ARM.Collect$$libinit$$00000000)
    __rt_lib_init_alloca_1                   0x00000123   Thumb Code     0  libinit2.o(.ARM.Collect$$libinit$$0000002E)
    __rt_lib_init_argv_1                     0x00000123   Thumb Code     0  libinit2.o(.ARM.Collect$$libinit$$0000002C)
    __rt_lib_init_atexit_1                   0x00000123   Thumb Code     0  libinit2.o(.ARM.Collect$$libinit$$0000001B)
    __rt_lib_init_clock_1                    0x00000123   Thumb Code     0  libinit2.o(.ARM.Collect$$libinit$$00000021)
    __rt_lib_init_cpp_1                      0x00000123   Thumb Code     0  libinit2.o(.ARM.Collect$$libinit$$00000032)
    __rt_lib_init_exceptions_1               0x00000123   Thumb Code     0  libinit2.o(.ARM.Collect$$libinit$$00000030)
    __rt_lib_init_fp_1                       0x00000123   Thumb Code     0  libinit2.o(.ARM.Collect$$libinit$$00000002)
    __rt_lib_init_fp_trap_1                  0x00000123   Thumb Code     0  libinit2.o(.ARM.Collect$$libinit$$0000001F)
    __rt_lib_init_getenv_1                   0x00000123   Thumb Code     0  libinit2.o(.ARM.Collect$$libinit$$00000023)
    __rt_lib_init_heap_1                     0x00000123   Thumb Code     0  libinit2.o(.ARM.Collect$$libinit$$0000000A)
    __rt_lib_init_lc_collate_1               0x00000123   Thumb Code     0  libinit2.o(.ARM.Collect$$libinit$$00000011)
    __rt_lib_init_lc_ctype_1                 0x00000123   Thumb Code     0  libinit2.o(.ARM.Collect$$libinit$$00000013)
    __rt_lib_init_lc_monetary_1              0x00000123   Thumb Code     0  libinit2.o(.ARM.Collect$$libinit$$00000015)
    __rt_lib_init_lc_numeric_1               0x00000123   Thumb Code     0  libinit2.o(.ARM.Collect$$libinit$$00000017)
    __rt_lib_init_lc_time_1                  0x00000123   Thumb Code     0  libinit2.o(.ARM.Collect$$libinit$$00000019)
    __rt_lib_init_preinit_1                  0x00000123   Thumb Code     0  libinit2.o(.ARM.Collect$$libinit$$00000004)
    __rt_lib_init_rand_1                     0x00000123   Thumb Code     0  libinit2.o(.ARM.Collect$$libinit$$0000000E)
    __rt_lib_init_return                     0x00000123   Thumb Code     0  libinit2.o(.ARM.Collect$$libinit$$00000033)
    __rt_lib_init_signal_1                   0x00000123   Thumb Code     0  libinit2.o(.ARM.Collect$$libinit$$0000001D)
    __rt_lib_init_stdio_1                    0x00000123   Thumb Code     0  libinit2.o(.ARM.Collect$$libinit$$00000025)
    __rt_lib_init_user_alloc_1               0x00000123   Thumb Code     0  libinit2.o(.ARM.Collect$$libinit$$0000000C)
    __rt_lib_shutdown                        0x00000125   Thumb Code     0  libshutdown.o(.ARM.Collect$$libshutdown$$00000000)
    __rt_lib_shutdown_cpp_1                  0x00000127   Thumb Code     0  libshutdown2.o(.ARM.Collect$$libshutdown$$00000002)
    __rt_lib_shutdown_fp_trap_1              0x00000127   Thumb Code     0  libshutdown2.o(.ARM.Collect$$libshutdown$$00000007)
    __rt_lib_shutdown_heap_1                 0x00000127   Thumb Code     0  libshutdown2.o(.ARM.Collect$$libshutdown$$0000000F)
    __rt_lib_shutdown_return                 0x00000127   Thumb Code     0  libshutdown2.o(.ARM.Collect$$libshutdown$$00000010)
    __rt_lib_shutdown_signal_1               0x00000127   Thumb Code     0  libshutdown2.o(.ARM.Collect$$libshutdown$$0000000A)
    __rt_lib_shutdown_stdio_1                0x00000127   Thumb Code     0  libshutdown2.o(.ARM.Collect$$libshutdown$$00000004)
    __rt_lib_shutdown_user_alloc_1           0x00000127   Thumb Code     0  libshutdown2.o(.ARM.Collect$$libshutdown$$0000000C)
    __rt_entry                               0x00000129   Thumb Code     0  __rtentry.o(.ARM.Collect$$rtentry$$00000000)
    __rt_entry_presh_1                       0x00000129   Thumb Code     0  __rtentry2.o(.ARM.Collect$$rtentry$$00000002)
    __rt_entry_sh                            0x00000129   Thumb Code     0  __rtentry4.o(.ARM.Collect$$rtentry$$00000004)
    __rt_entry_li                            0x0000012f   Thumb Code     0  __rtentry2.o(.ARM.Collect$$rtentry$$0000000A)
    __rt_entry_postsh_1                      0x0000012f   Thumb Code     0  __rtentry2.o(.ARM.Collect$$rtentry$$00000009)
    __rt_entry_main                          0x00000133   Thumb Code     0  __rtentry2.o(.ARM.Collect$$rtentry$$0000000D)
    __rt_entry_postli_1                      0x00000133   Thumb Code     0  __rtentry2.o(.ARM.Collect$$rtentry$$0000000C)
    __rt_exit                                0x0000013b   Thumb Code     0  rtexit.o(.ARM.Collect$$rtexit$$00000000)
    __rt_exit_ls                             0x0000013d   Thumb Code     0  rtexit2.o(.ARM.Collect$$rtexit$$00000003)
    __rt_exit_prels_1                        0x0000013d   Thumb Code     0  rtexit2.o(.ARM.Collect$$rtexit$$00000002)
    __rt_exit_exit                           0x00000141   Thumb Code     0  rtexit2.o(.ARM.Collect$$rtexit$$00000004)
    Reset_Handler                            0x00000149   Thumb Code    32  startup_nuc100series.o(.text)
    NMI_Handler                              0x00000169   Thumb Code     2  startup_nuc100series.o(.text)
    HardFault_Handler                        0x0000016b   Thumb Code     2  startup_nuc100series.o(.text)
    SVC_Handler                              0x0000016d   Thumb Code     2  startup_nuc100series.o(.text)
    PendSV_Handler                           0x0000016f   Thumb Code     2  startup_nuc100series.o(.text)
    SysTick_Handler                          0x00000171   Thumb Code     2  startup_nuc100series.o(.text)
    ACMP_IRQHandler                          0x00000173   Thumb Code     0  startup_nuc100series.o(.text)
    ADC_IRQHandler                           0x00000173   Thumb Code     0  startup_nuc100series.o(.text)
    BOD_IRQHandler                           0x00000173   Thumb Code     0  startup_nuc100series.o(.text)
    CAN0_IRQHandler                          0x00000173   Thumb Code     0  startup_nuc100series.o(.text)
    CAN1_IRQHandler                          0x00000173   Thumb Code     0  startup_nuc100series.o(.text)
    EINT0_IRQHandler                         0x00000173   Thumb Code     0  startup_nuc100series.o(.text)
    GPAB_IRQHandler                          0x00000173   Thumb Code     0  startup_nuc100series.o(.text)
    GPCDEF_IRQHandler                        0x00000173   Thumb Code     0  startup_nuc100series.o(.text)
    I2C0_IRQHandler                          0x00000173   Thumb Code     0  startup_nuc100series.o(.text)
    I2C1_IRQHandler                          0x00000173   Thumb Code     0  startup_nuc100series.o(.text)
    I2S_IRQHandler                           0x00000173   Thumb Code     0  startup_nuc100series.o(.text)
    PDMA_IRQHandler                          0x00000173   Thumb Code     0  startup_nuc100series.o(.text)
    PS2_IRQHandler                           0x00000173   Thumb Code     0  startup_nuc100series.o(.text)
    PWM0_IRQHandler                          0x00000173   Thumb Code     0  startup_nuc100series.o(.text)
    PWM1_IRQHandler                          0x00000173   Thumb Code     0  startup_nuc100series.o(.text)
    PWRWU_IRQHandler                         0x00000173   Thumb Code     0  startup_nuc100series.o(.text)
    RTC_IRQHandler                           0x00000173   Thumb Code     0  startup_nuc100series.o(.text)
    SC012_IRQHandler                         0x00000173   Thumb Code     0  startup_nuc100series.o(.text)
    SPI0_IRQHandler                          0x00000173   Thumb Code     0  startup_nuc100series.o(.text)
    SPI1_IRQHandler                          0x00000173   Thumb Code     0  startup_nuc100series.o(.text)
    SPI2_IRQHandler                          0x00000173   Thumb Code     0  startup_nuc100series.o(.text)
    SPI3_IRQHandler                          0x00000173   Thumb Code     0  startup_nuc100series.o(.text)
    TMR1_IRQHandler                          0x00000173   Thumb Code     0  startup_nuc100series.o(.text)
    TMR2_IRQHandler                          0x00000173   Thumb Code     0  startup_nuc100series.o(.text)
    TMR3_IRQHandler                          0x00000173   Thumb Code     0  startup_nuc100series.o(.text)
    UART02_IRQHandler                        0x00000173   Thumb Code     0  startup_nuc100series.o(.text)
    UART1_IRQHandler                         0x00000173   Thumb Code     0  startup_nuc100series.o(.text)
    USBD_IRQHandler                          0x00000173   Thumb Code     0  startup_nuc100series.o(.text)
    WDT_IRQHandler                           0x00000173   Thumb Code     0  startup_nuc100series.o(.text)
    __user_initial_stackheap                 0x00000175   Thumb Code     0  startup_nuc100series.o(.text)
    strlen                                   0x000001ad   Thumb Code    62  strlen.o(.text)
    __aeabi_uidiv                            0x000001f1   Thumb Code     0  aeabi_sdiv.o(.text)
    __aeabi_uidivmod                         0x000001f1   Thumb Code    20  aeabi_sdiv.o(.text)
    __aeabi_idiv                             0x00000205   Thumb Code     0  aeabi_sdiv.o(.text)
    __aeabi_idivmod                          0x00000205   Thumb Code   338  aeabi_sdiv.o(.text)
    __use_two_region_memory                  0x0000035d   Thumb Code     2  heapauxi.o(.text)
    __rt_heap_escrow$2region                 0x0000035f   Thumb Code     2  heapauxi.o(.text)
    __rt_heap_expand$2region                 0x00000361   Thumb Code     2  heapauxi.o(.text)
    __user_setup_stackheap                   0x00000363   Thumb Code    62  sys_stackheap_outer.o(.text)
    exit                                     0x000003a1   Thumb Code    16  exit.o(.text)
    __user_libspace                          0x000003b1   Thumb Code     8  libspace.o(.text)
    __user_perproc_libspace                  0x000003b1   Thumb Code     0  libspace.o(.text)
    __user_perthread_libspace                0x000003b1   Thumb Code     0  libspace.o(.text)
    _sys_exit                                0x000003b9   Thumb Code     8  sys_exit.o(.text)
    __I$use$semihosting                      0x000003c5   Thumb Code     0  use_no_semi.o(.text)
    __use_no_semihosting_swi                 0x000003c5   Thumb Code     2  use_no_semi.o(.text)
    __decompress                             0x000003c7   Thumb Code     0  __dczerorl2.o(.text)
    __decompress1                            0x000003c7   Thumb Code    86  __dczerorl2.o(.text)
    __semihosting_library_function           0x000003c7   Thumb Code     0  indicate_semi.o(.text)
    EINT1_IRQHandler                         0x00000461   Thumb Code    28  main.o(.text.EINT1_IRQHandler)
    GPIO_SetMode                             0x0000047d   Thumb Code    42  gpio.o(.text.GPIO_SetMode)
    LCD_SetAddress                           0x000004a9   Thumb Code    28  lcdconf.o(.text.LCD_SetAddress)
    LCD_clear                                0x000004c5   Thumb Code    30  lcdconf.o(.text.LCD_clear)
    LCD_command                              0x000004e5   Thumb Code    32  lcdconf.o(.text.LCD_command)
    LCD_data                                 0x00000505   Thumb Code    36  lcdconf.o(.text.LCD_data)
    LCD_start                                0x00000529   Thumb Code    40  lcdconf.o(.text.LCD_start)
    SPI3_Config                              0x00000551   Thumb Code   164  lcdconf.o(.text.SPI3_Config)
    SystemInit                               0x000005f5   Thumb Code     2  system_nuc100series.o(.text.SystemInit)
    System_Config                            0x000005f9   Thumb Code   504  sysconf.o(.text.System_Config)
    TMR0_IRQHandler                          0x000007f1   Thumb Code    60  main.o(.text.TMR0_IRQHandler)
    UART0_CLKConfig                          0x0000082d   Thumb Code    40  uartconf.o(.text.UART0_CLKConfig)
    UART0_Config                             0x00000855   Thumb Code   132  uartconf.o(.text.UART0_Config)
    check_game_condition                     0x000008d9   Thumb Code    92  main.o(.text.check_game_condition)
    display7seg                              0x00000935   Thumb Code   172  7seg.o(.text.display7seg)
    display_board_to_lcd                     0x000009e1   Thumb Code    60  main.o(.text.display_board_to_lcd)
    handleKeymatrix                          0x00000a1d   Thumb Code   152  keypad.o(.text.handleKeymatrix)
    lcdSetAddr                               0x00000ab5   Thumb Code   108  lcd.o(.text.lcdSetAddr)
    lcdWriteData                             0x00000b21   Thumb Code    48  lcd.o(.text.lcdWriteData)
    main                                     0x00000b51   Thumb Code   248  main.o(.text.main)
    printC                                   0x00000c49   Thumb Code   108  lcd.o(.text.printC)
    printC_5x7                               0x00000cb5   Thumb Code    92  lcd.o(.text.printC_5x7)
    printS                                   0x00000d11   Thumb Code    42  lcd.o(.text.printS)
    reset_player_board                       0x00000d3d   Thumb Code    36  main.o(.text.reset_player_board)
    resultBuzzer                             0x00000d61   Thumb Code    56  main.o(.text.resultBuzzer)
    search_col1                              0x00000d99   Thumb Code   116  keypad.o(.text.search_col1)
    search_col2                              0x00000e0d   Thumb Code   108  keypad.o(.text.search_col2)
    search_col3                              0x00000e79   Thumb Code   116  keypad.o(.text.search_col3)
    set7seg                                  0x00000eed   Thumb Code     8  7seg.o(.text.set7seg)
    setShots                                 0x00000ef5   Thumb Code    28  7seg.o(.text.setShots)
    shoot                                    0x00000f11   Thumb Code   132  main.o(.text.shoot)
    Region$$Table$$Base                      0x00001174   Number         0  anon$$obj.o(Region$$Table)
    Region$$Table$$Limit                     0x00001194   Number         0  anon$$obj.o(Region$$Table)
    SystemCoreClock                          0x20000000   Data           4  system_nuc100series.o(.data..L_MergedGlobals)
    CyclesPerUs                              0x20000004   Data           4  system_nuc100series.o(.data..L_MergedGlobals)
    PllClock                                 0x20000008   Data           4  system_nuc100series.o(.data..L_MergedGlobals)
    gau32ClkSrcTbl                           0x2000000c   Data          32  system_nuc100series.o(.data..L_MergedGlobals)
    state                                    0x2000002c   Data           4  main.o(.data..L_MergedGlobals)
    canResponding                            0x20000030   Data           4  main.o(.data..L_MergedGlobals)
    timer                                    0x20000034   Data          16  7seg.o(.data..L_MergedGlobals)
    pattern                                  0x20000044   Data          44  7seg.o(.data..L_MergedGlobals)
    current_x                                0x20000070   Data           4  keypad.o(.data..L_MergedGlobals)
    current_y                                0x20000074   Data           4  keypad.o(.data..L_MergedGlobals)
    Font8x16                                 0x20000078   Data        1520  lcd.o(.data.Font8x16)
    game_board                               0x20000668   Data         256  main.o(.data.game_board)
    __libspace_start                         0x20000768   Data          96  libspace.o(.bss)
    __temporary_stack_top$libspace           0x200007c8   Data           0  libspace.o(.bss)
    shot_count                               0x200007c8   Data           4  main.o(.bss..L_MergedGlobals.3)
    btn_pressed                              0x200007cc   Data           4  main.o(.bss..L_MergedGlobals.3)
    alreadyBuzz                              0x200007d0   Data           4  main.o(.bss..L_MergedGlobals.3)
    message_type                             0x200007d4   Data           4  main.o(.bss..L_MergedGlobals.3)
    idx                                      0x200007d8   Data           4  main.o(.bss.idx)
    player_board                             0x200007dc   Data         256  main.o(.bss.player_board)
    xy_mani                                  0x200008dc   Data           4  keypad.o(.bss.xy_mani)



==============================================================================

Memory Map of the image

  Image Entry point : 0x00000149

  Load Region LR_1 (Base: 0x00000000, Size: 0x000018fc, Max: 0xffffffff, ABSOLUTE, COMPRESSED[0x000014f4])

    Execution Region ER_RO (Exec base: 0x00000000, Load base: 0x00000000, Size: 0x00001194, Max: 0xffffffff, ABSOLUTE)

    Exec Addr    Load Addr    Size         Type   Attr      Idx    E Section Name        Object

    0x00000000   0x00000000   0x000000c0   Data   RO           16    RESET               startup_nuc100series.o
    0x000000c0   0x000000c0   0x00000008   Code   RO          316  * !!!main             c_p.l(__main.o)
    0x000000c8   0x000000c8   0x0000003c   Code   RO          493    !!!scatter          c_p.l(__scatter.o)
    0x00000104   0x00000104   0x0000001c   Code   RO          495    !!handler_zi        c_p.l(__scatter_zi.o)
    0x00000120   0x00000120   0x00000002   Code   RO          354    .ARM.Collect$$libinit$$00000000  c_p.l(libinit.o)
    0x00000122   0x00000122   0x00000000   Code   RO          368    .ARM.Collect$$libinit$$00000002  c_p.l(libinit2.o)
    0x00000122   0x00000122   0x00000000   Code   RO          370    .ARM.Collect$$libinit$$00000004  c_p.l(libinit2.o)
    0x00000122   0x00000122   0x00000000   Code   RO          373    .ARM.Collect$$libinit$$0000000A  c_p.l(libinit2.o)
    0x00000122   0x00000122   0x00000000   Code   RO          375    .ARM.Collect$$libinit$$0000000C  c_p.l(libinit2.o)
    0x00000122   0x00000122   0x00000000   Code   RO          377    .ARM.Collect$$libinit$$0000000E  c_p.l(libinit2.o)
    0x00000122   0x00000122   0x00000000   Code   RO          380    .ARM.Collect$$libinit$$00000011  c_p.l(libinit2.o)
    0x00000122   0x00000122   0x00000000   Code   RO          382    .ARM.Collect$$libinit$$00000013  c_p.l(libinit2.o)
    0x00000122   0x00000122   0x00000000   Code   RO          384    .ARM.Collect$$libinit$$00000015  c_p.l(libinit2.o)
    0x00000122   0x00000122   0x00000000   Code   RO          386    .ARM.Collect$$libinit$$00000017  c_p.l(libinit2.o)
    0x00000122   0x00000122   0x00000000   Code   RO          388    .ARM.Collect$$libinit$$00000019  c_p.l(libinit2.o)
    0x00000122   0x00000122   0x00000000   Code   RO          390    .ARM.Collect$$libinit$$0000001B  c_p.l(libinit2.o)
    0x00000122   0x00000122   0x00000000   Code   RO          392    .ARM.Collect$$libinit$$0000001D  c_p.l(libinit2.o)
    0x00000122   0x00000122   0x00000000   Code   RO          394    .ARM.Collect$$libinit$$0000001F  c_p.l(libinit2.o)
    0x00000122   0x00000122   0x00000000   Code   RO          396    .ARM.Collect$$libinit$$00000021  c_p.l(libinit2.o)
    0x00000122   0x00000122   0x00000000   Code   RO          398    .ARM.Collect$$libinit$$00000023  c_p.l(libinit2.o)
    0x00000122   0x00000122   0x00000000   Code   RO          400    .ARM.Collect$$libinit$$00000025  c_p.l(libinit2.o)
    0x00000122   0x00000122   0x00000000   Code   RO          404    .ARM.Collect$$libinit$$0000002C  c_p.l(libinit2.o)
    0x00000122   0x00000122   0x00000000   Code   RO          406    .ARM.Collect$$libinit$$0000002E  c_p.l(libinit2.o)
    0x00000122   0x00000122   0x00000000   Code   RO          408    .ARM.Collect$$libinit$$00000030  c_p.l(libinit2.o)
    0x00000122   0x00000122   0x00000000   Code   RO          410    .ARM.Collect$$libinit$$00000032  c_p.l(libinit2.o)
    0x00000122   0x00000122   0x00000002   Code   RO          411    .ARM.Collect$$libinit$$00000033  c_p.l(libinit2.o)
    0x00000124   0x00000124   0x00000002   Code   RO          446    .ARM.Collect$$libshutdown$$00000000  c_p.l(libshutdown.o)
    0x00000126   0x00000126   0x00000000   Code   RO          474    .ARM.Collect$$libshutdown$$00000002  c_p.l(libshutdown2.o)
    0x00000126   0x00000126   0x00000000   Code   RO          476    .ARM.Collect$$libshutdown$$00000004  c_p.l(libshutdown2.o)
    0x00000126   0x00000126   0x00000000   Code   RO          479    .ARM.Collect$$libshutdown$$00000007  c_p.l(libshutdown2.o)
    0x00000126   0x00000126   0x00000000   Code   RO          482    .ARM.Collect$$libshutdown$$0000000A  c_p.l(libshutdown2.o)
    0x00000126   0x00000126   0x00000000   Code   RO          484    .ARM.Collect$$libshutdown$$0000000C  c_p.l(libshutdown2.o)
    0x00000126   0x00000126   0x00000000   Code   RO          487    .ARM.Collect$$libshutdown$$0000000F  c_p.l(libshutdown2.o)
    0x00000126   0x00000126   0x00000002   Code   RO          488    .ARM.Collect$$libshutdown$$00000010  c_p.l(libshutdown2.o)
    0x00000128   0x00000128   0x00000000   Code   RO          318    .ARM.Collect$$rtentry$$00000000  c_p.l(__rtentry.o)
    0x00000128   0x00000128   0x00000000   Code   RO          324    .ARM.Collect$$rtentry$$00000002  c_p.l(__rtentry2.o)
    0x00000128   0x00000128   0x00000006   Code   RO          336    .ARM.Collect$$rtentry$$00000004  c_p.l(__rtentry4.o)
    0x0000012e   0x0000012e   0x00000000   Code   RO          326    .ARM.Collect$$rtentry$$00000009  c_p.l(__rtentry2.o)
    0x0000012e   0x0000012e   0x00000004   Code   RO          327    .ARM.Collect$$rtentry$$0000000A  c_p.l(__rtentry2.o)
    0x00000132   0x00000132   0x00000000   Code   RO          329    .ARM.Collect$$rtentry$$0000000C  c_p.l(__rtentry2.o)
    0x00000132   0x00000132   0x00000008   Code   RO          330    .ARM.Collect$$rtentry$$0000000D  c_p.l(__rtentry2.o)
    0x0000013a   0x0000013a   0x00000002   Code   RO          359    .ARM.Collect$$rtexit$$00000000  c_p.l(rtexit.o)
    0x0000013c   0x0000013c   0x00000000   Code   RO          417    .ARM.Collect$$rtexit$$00000002  c_p.l(rtexit2.o)
    0x0000013c   0x0000013c   0x00000004   Code   RO          418    .ARM.Collect$$rtexit$$00000003  c_p.l(rtexit2.o)
    0x00000140   0x00000140   0x00000006   Code   RO          419    .ARM.Collect$$rtexit$$00000004  c_p.l(rtexit2.o)
    0x00000146   0x00000146   0x00000002   PAD
    0x00000148   0x00000148   0x00000064   Code   RO           17  * .text               startup_nuc100series.o
    0x000001ac   0x000001ac   0x00000044   Code   RO          308    .text               c_p.l(strlen.o)
    0x000001f0   0x000001f0   0x0000016c   Code   RO          310    .text               c_p.l(aeabi_sdiv.o)
    0x0000035c   0x0000035c   0x00000006   Code   RO          314    .text               c_p.l(heapauxi.o)
    0x00000362   0x00000362   0x0000003e   Code   RO          340    .text               c_p.l(sys_stackheap_outer.o)
    0x000003a0   0x000003a0   0x00000010   Code   RO          343    .text               c_p.l(exit.o)
    0x000003b0   0x000003b0   0x00000008   Code   RO          355    .text               c_p.l(libspace.o)
    0x000003b8   0x000003b8   0x0000000c   Code   RO          412    .text               c_p.l(sys_exit.o)
    0x000003c4   0x000003c4   0x00000002   Code   RO          435    .text               c_p.l(use_no_semi.o)
    0x000003c6   0x000003c6   0x00000000   Code   RO          437    .text               c_p.l(indicate_semi.o)
    0x000003c6   0x000003c6   0x00000056   Code   RO          491    .text               c_p.l(__dczerorl2.o)
    0x0000041c   0x0000041c   0x0000001c   Code   RO           34    .text.CLK_SysTickDelay  main.o
    0x00000438   0x00000438   0x00000028   Code   RO          289    .text.CLK_SysTickDelay  keypad.o
    0x00000460   0x00000460   0x0000001c   Code   RO           36    .text.EINT1_IRQHandler  main.o
    0x0000047c   0x0000047c   0x0000002a   Code   RO          106    .text.GPIO_SetMode  gpio.o
    0x000004a6   0x000004a6   0x00000002   PAD
    0x000004a8   0x000004a8   0x0000001c   Code   RO          275    .text.LCD_SetAddress  lcdconf.o
    0x000004c4   0x000004c4   0x0000001e   Code   RO          273    .text.LCD_clear     lcdconf.o
    0x000004e2   0x000004e2   0x00000002   PAD
    0x000004e4   0x000004e4   0x00000020   Code   RO          269    .text.LCD_command   lcdconf.o
    0x00000504   0x00000504   0x00000024   Code   RO          271    .text.LCD_data      lcdconf.o
    0x00000528   0x00000528   0x00000028   Code   RO          267    .text.LCD_start     lcdconf.o
    0x00000550   0x00000550   0x000000a4   Code   RO          277    .text.SPI3_Config   lcdconf.o
    0x000005f4   0x000005f4   0x00000002   Code   RO            4    .text.SystemInit    system_nuc100series.o
    0x000005f6   0x000005f6   0x00000002   PAD
    0x000005f8   0x000005f8   0x000001f8   Code   RO          245    .text.System_Config  sysconf.o
    0x000007f0   0x000007f0   0x0000003c   Code   RO           38    .text.TMR0_IRQHandler  main.o
    0x0000082c   0x0000082c   0x00000028   Code   RO          253    .text.UART0_CLKConfig  uartconf.o
    0x00000854   0x00000854   0x00000084   Code   RO          255    .text.UART0_Config  uartconf.o
    0x000008d8   0x000008d8   0x0000005c   Code   RO           30    .text.check_game_condition  main.o
    0x00000934   0x00000934   0x000000ac   Code   RO          231    .text.display7seg   7seg.o
    0x000009e0   0x000009e0   0x0000003c   Code   RO           28    .text.display_board_to_lcd  main.o
    0x00000a1c   0x00000a1c   0x00000098   Code   RO          295    .text.handleKeymatrix  keypad.o
    0x00000ab4   0x00000ab4   0x0000006c   Code   RO          126    .text.lcdSetAddr    lcd.o
    0x00000b20   0x00000b20   0x00000030   Code   RO          124    .text.lcdWriteData  lcd.o
    0x00000b50   0x00000b50   0x000000f8   Code   RO           24    .text.main          main.o
    0x00000c48   0x00000c48   0x0000006c   Code   RO          132    .text.printC        lcd.o
    0x00000cb4   0x00000cb4   0x0000005c   Code   RO          134    .text.printC_5x7    lcd.o
    0x00000d10   0x00000d10   0x0000002a   Code   RO          138    .text.printS        lcd.o
    0x00000d3a   0x00000d3a   0x00000002   PAD
    0x00000d3c   0x00000d3c   0x00000024   Code   RO           26    .text.reset_player_board  main.o
    0x00000d60   0x00000d60   0x00000038   Code   RO           40    .text.resultBuzzer  main.o
    0x00000d98   0x00000d98   0x00000074   Code   RO          287    .text.search_col1   keypad.o
    0x00000e0c   0x00000e0c   0x0000006c   Code   RO          291    .text.search_col2   keypad.o
    0x00000e78   0x00000e78   0x00000074   Code   RO          293    .text.search_col3   keypad.o
    0x00000eec   0x00000eec   0x00000008   Code   RO          229    .text.set7seg       7seg.o
    0x00000ef4   0x00000ef4   0x0000001c   Code   RO          233    .text.setShots      7seg.o
    0x00000f10   0x00000f10   0x00000084   Code   RO           32    .text.shoot         main.o
    0x00000f94   0x00000f94   0x000001e0   Data   RO          180    .rodata.Font5x7     lcd.o
    0x00001174   0x00001174   0x00000020   Data   RO          490    Region$$Table       anon$$obj.o


    Execution Region ER_RW (Exec base: 0x20000000, Load base: 0x00001194, Size: 0x00000768, Max: 0xffffffff, ABSOLUTE, COMPRESSED[0x00000360])

    Exec Addr    Load Addr    Size         Type   Attr      Idx    E Section Name        Object

    0x20000000   COMPRESSED   0x0000002c   Data   RW            6    .data..L_MergedGlobals  system_nuc100series.o
    0x2000002c   COMPRESSED   0x00000008   Data   RW           47    .data..L_MergedGlobals  main.o
    0x20000034   COMPRESSED   0x0000003c   Data   RW          236    .data..L_MergedGlobals  7seg.o
    0x20000070   COMPRESSED   0x00000008   Data   RW          298    .data..L_MergedGlobals  keypad.o
    0x20000078   COMPRESSED   0x000005f0   Data   RW          178    .data.Font8x16      lcd.o
    0x20000668   COMPRESSED   0x00000100   Data   RW           43    .data.game_board    main.o


    Execution Region ER_ZI (Exec base: 0x20000768, Load base: 0x000014f4, Size: 0x00000578, Max: 0xffffffff, ABSOLUTE)

    Exec Addr    Load Addr    Size         Type   Attr      Idx    E Section Name        Object

    0x20000768        -       0x00000060   Zero   RW          356    .bss                c_p.l(libspace.o)
    0x200007c8        -       0x00000010   Zero   RW           48    .bss..L_MergedGlobals.3  main.o
    0x200007d8        -       0x00000004   Zero   RW           42    .bss.idx            main.o
    0x200007dc        -       0x00000100   Zero   RW           44    .bss.player_board   main.o
    0x200008dc        -       0x00000004   Zero   RW          297    .bss.xy_mani        keypad.o
    0x200008e0        -       0x00000000   Zero   RW           15    HEAP                startup_nuc100series.o
    0x200008e0        -       0x00000400   Zero   RW           14    STACK               startup_nuc100series.o


==============================================================================

Image component sizes


      Code (inc. data)   RO Data    RW Data    ZI Data      Debug   Object Name

       208         32          0         60          0       1530   7seg.o
        42          0          0          0          0       1422   gpio.o
       532         24          0          8          4       2199   keypad.o
       398         16        480       1520          0      16379   lcd.o
       330         20          0          0          0       2751   lcdconf.o
       740        116          0        264        276       3449   main.o
       100         46        192          0       1024        684   startup_nuc100series.o
       504         44          0          0          0       2726   sysconf.o
         2          0          0         44          0       2218   system_nuc100series.o
       172         20          0          0          0       2556   uartconf.o

    ----------------------------------------------------------------------
      3036        318        704       1896       1304      35914   Object Totals
         0          0         32          0          0          0   (incl. Generated)
         8          0          0          0          0          0   (incl. Padding)

    ----------------------------------------------------------------------

      Code (inc. data)   RO Data    RW Data    ZI Data      Debug   Library Member Name

        86          0          0          0          0          0   __dczerorl2.o
         8          0          0          0          0         68   __main.o
         0          0          0          0          0          0   __rtentry.o
        12          0          0          0          0          0   __rtentry2.o
         6          0          0          0          0          0   __rtentry4.o
        60          8          0          0          0          0   __scatter.o
        28          0          0          0          0          0   __scatter_zi.o
       364          4          0          0          0         92   aeabi_sdiv.o
        16          0          0          0          0         68   exit.o
         6          0          0          0          0        136   heapauxi.o
         0          0          0          0          0          0   indicate_semi.o
         2          0          0          0          0          0   libinit.o
         2          0          0          0          0          0   libinit2.o
         2          0          0          0          0          0   libshutdown.o
         2          0          0          0          0          0   libshutdown2.o
         8          4          0          0         96         68   libspace.o
         2          0          0          0          0          0   rtexit.o
        10          0          0          0          0          0   rtexit2.o
        68          6          0          0          0         72   strlen.o
        12          4          0          0          0         60   sys_exit.o
        62          0          0          0          0         80   sys_stackheap_outer.o
         2          0          0          0          0         68   use_no_semi.o

    ----------------------------------------------------------------------
       760         26          0          0         96        712   Library Totals
         2          0          0          0          0          0   (incl. Padding)

    ----------------------------------------------------------------------

      Code (inc. data)   RO Data    RW Data    ZI Data      Debug   Library Name

       758         26          0          0         96        712   c_p.l

    ----------------------------------------------------------------------
       760         26          0          0         96        712   Library Totals

    ----------------------------------------------------------------------

==============================================================================


      Code (inc. data)   RO Data    RW Data    ZI Data      Debug   

      3796        344        704       1896       1400      36314   Grand Totals
      3796        344        704        864       1400      36314   ELF Image Totals (compressed)
      3796        344        704        864          0          0   ROM Totals

==============================================================================

    Total RO  Size (Code + RO Data)                 4500 (   4.39kB)
    Total RW  Size (RW Data + ZI Data)              3296 (   3.22kB)
    Total ROM Size (Code + RO Data + RW Data)       5364 (   5.24kB)

==============================================================================

